2026-09-10 07:34:15.599: [INFO] CurrentProfilePath: C:\Users\Miguel\eclipse-workspace\.metadata\.plugins\org.eclipse.swt\EBWebView\Default
2026-09-10 07:34:15.599: [INFO] Profiles total count: 1
2026-09-10 07:34:15.599: [INFO] Profile: name=Perfil 1 path=C:\Users\Miguel\eclipse-workspace\.metadata\.plugins\org.eclipse.swt\EBWebView\Default lastActive=null
2026-09-10 07:34:15.599: [INFO] LastUsedProfileDir: C:\Users\Miguel\eclipse-workspace\.metadata\.plugins\org.eclipse.swt\EBWebView\Default
2026-09-10 07:34:15.599: [INFO] OnDoneLoading sync enabled: 0
2026-09-10 07:34:15.599: [INFO] BookmarkModelLoaded, ids_reassigned: 0
2026-09-10 07:34:15.599: [INFO] BookmarksLoadDropped droppedNodes=0
2026-09-10 07:34:15.599: [INFO] BookmarksSnapshot Startup total=0 bar=0 other=0 mobile=0 showBar=0 showBarNTP=1
2026-09-10 07:34:28.522: [INFO] BookmarksSnapshot Shutdown total=0 bar=0 other=0 mobile=0 showBar=0 showBarNTP=1
2026-09-10 07:34:28.886: [INFO] CurrentProfilePath: C:\Users\Miguel\eclipse-workspace\.metadata\.plugins\org.eclipse.swt\EBWebView\Default
2026-09-10 07:34:28.886: [INFO] Profiles total count: 1
2026-09-10 07:34:28.886: [INFO] Profile: name=Perfil 1 path=C:\Users\Miguel\eclipse-workspace\.metadata\.plugins\org.eclipse.swt\EBWebView\Default lastActive=2026-09-10T07:34:16.190Z
2026-09-10 07:34:28.886: [INFO] LastUsedProfileDir: C:\Users\Miguel\eclipse-workspace\.metadata\.plugins\org.eclipse.swt\EBWebView\Default
2026-09-10 07:34:28.886: [INFO] MostRecentlyActiveProfile: name=Perfil 1 path=C:\Users\Miguel\eclipse-workspace\.metadata\.plugins\org.eclipse.swt\EBWebView\Default lastActive=2026-09-10T07:34:16.190Z
2026-09-10 07:34:28.886: [INFO] OnDoneLoading sync enabled: 0
2026-09-10 07:34:28.886: [INFO] BookmarkModelLoaded, ids_reassigned: 0
2026-09-10 07:34:28.886: [INFO] BookmarksLoadDropped droppedNodes=0
2026-09-10 07:34:28.886: [INFO] BookmarksSnapshot Startup total=0 bar=0 other=0 mobile=0 showBar=0 showBarNTP=1
2026-09-10 07:58:25.838: [INFO] BookmarksSnapshot Shutdown total=0 bar=0 other=0 mobile=0 showBar=0 showBarNTP=1
2026-09-10 08:01:15.180: [INFO] CurrentProfilePath: C:\Users\Miguel\eclipse-workspace\.metadata\.plugins\org.eclipse.swt\EBWebView\Default
2026-09-10 08:01:15.180: [INFO] Profiles total count: 1
2026-09-10 08:01:15.180: [INFO] Profile: name=Perfil 1 path=C:\Users\Miguel\eclipse-workspace\.metadata\.plugins\org.eclipse.swt\EBWebView\Default lastActive=2026-09-10T07:58:23.985Z
2026-09-10 08:01:15.180: [INFO] LastUsedProfileDir: C:\Users\Miguel\eclipse-workspace\.metadata\.plugins\org.eclipse.swt\EBWebView\Default
2026-09-10 08:01:15.180: [INFO] MostRecentlyActiveProfile: name=Perfil 1 path=C:\Users\Miguel\eclipse-workspace\.metadata\.plugins\org.eclipse.swt\EBWebView\Default lastActive=2026-09-10T07:58:23.985Z
2026-09-10 08:01:15.180: [INFO] OnDoneLoading sync enabled: 0
2026-09-10 08:01:15.180: [INFO] BookmarkModelLoaded, ids_reassigned: 0
2026-09-10 08:01:15.180: [INFO] BookmarksLoadDropped droppedNodes=0
2026-09-10 08:01:15.180: [INFO] BookmarksSnapshot Startup total=0 bar=0 other=0 mobile=0 showBar=0 showBarNTP=1
2026-09-10 08:01:35.025: [INFO] BookmarksSnapshot Shutdown total=0 bar=0 other=0 mobile=0 showBar=0 showBarNTP=1
2026-09-10 08:04:44.095: [INFO] CurrentProfilePath: C:\Users\Miguel\eclipse-workspace\.metadata\.plugins\org.eclipse.swt\EBWebView\Default
2026-09-10 08:04:44.095: [INFO] Profiles total count: 1
2026-09-10 08:04:44.095: [INFO] Profile: name=Perfil 1 path=C:\Users\Miguel\eclipse-workspace\.metadata\.plugins\org.eclipse.swt\EBWebView\Default lastActive=2026-09-10T07:58:23.985Z
2026-09-10 08:04:44.095: [INFO] LastUsedProfileDir: C:\Users\Miguel\eclipse-workspace\.metadata\.plugins\org.eclipse.swt\EBWebView\Default
2026-09-10 08:04:44.095: [INFO] MostRecentlyActiveProfile: name=Perfil 1 path=C:\Users\Miguel\eclipse-workspace\.metadata\.plugins\org.eclipse.swt\EBWebView\Default lastActive=2026-09-10T07:58:23.985Z
2026-09-10 08:04:44.095: [INFO] OnDoneLoading sync enabled: 0
2026-09-10 08:04:44.095: [INFO] BookmarkModelLoaded, ids_reassigned: 0
2026-09-10 08:04:44.095: [INFO] BookmarksLoadDropped droppedNodes=0
2026-09-10 08:04:44.095: [INFO] BookmarksSnapshot Startup total=0 bar=0 other=0 mobile=0 showBar=0 showBarNTP=1
2026-09-10 08:09:11.366: [INFO] BookmarksSnapshot Shutdown total=0 bar=0 other=0 mobile=0 showBar=0 showBarNTP=1
2026-09-10 09:28:10.567: [INFO] CurrentProfilePath: C:\Users\Miguel\eclipse-workspace\.metadata\.plugins\org.eclipse.swt\EBWebView\Default
2026-09-10 09:28:10.567: [INFO] Profiles total count: 1
2026-09-10 09:28:10.567: [INFO] Profile: name=Perfil 1 path=C:\Users\Miguel\eclipse-workspace\.metadata\.plugins\org.eclipse.swt\EBWebView\Default lastActive=2026-09-10T08:04:44.179Z
2026-09-10 09:28:10.567: [INFO] LastUsedProfileDir: C:\Users\Miguel\eclipse-workspace\.metadata\.plugins\org.eclipse.swt\EBWebView\Default
2026-09-10 09:28:10.567: [INFO] MostRecentlyActiveProfile: name=Perfil 1 path=C:\Users\Miguel\eclipse-workspace\.metadata\.plugins\org.eclipse.swt\EBWebView\Default lastActive=2026-09-10T08:04:44.179Z
2026-09-10 09:28:10.567: [INFO] OnDoneLoading sync enabled: 0
2026-09-10 09:28:10.567: [INFO] BookmarkModelLoaded, ids_reassigned: 0
2026-09-10 09:28:10.567: [INFO] BookmarksLoadDropped droppedNodes=0
2026-09-10 09:28:10.567: [INFO] BookmarksSnapshot Startup total=0 bar=0 other=0 mobile=0 showBar=0 showBarNTP=1
2026-09-10 09:28:14.145: [INFO] BookmarksSnapshot Shutdown total=0 bar=0 other=0 mobile=0 showBar=0 showBarNTP=1
2026-09-10 10:00:29.503: [INFO] CurrentProfilePath: C:\Users\Miguel\eclipse-workspace\.metadata\.plugins\org.eclipse.swt\EBWebView\Default
2026-09-10 10:00:29.503: [INFO] Profiles total count: 1
2026-09-10 10:00:29.503: [INFO] Profile: name=Perfil 1 path=C:\Users\Miguel\eclipse-workspace\.metadata\.plugins\org.eclipse.swt\EBWebView\Default lastActive=2026-09-10T08:04:44.179Z
2026-09-10 10:00:29.503: [INFO] LastUsedProfileDir: C:\Users\Miguel\eclipse-workspace\.metadata\.plugins\org.eclipse.swt\EBWebView\Default
2026-09-10 10:00:29.503: [INFO] MostRecentlyActiveProfile: name=Perfil 1 path=C:\Users\Miguel\eclipse-workspace\.metadata\.plugins\org.eclipse.swt\EBWebView\Default lastActive=2026-09-10T08:04:44.179Z
2026-09-10 10:00:29.503: [INFO] OnDoneLoading sync enabled: 0
2026-09-10 10:00:29.503: [INFO] BookmarkModelLoaded, ids_reassigned: 0
2026-09-10 10:00:29.503: [INFO] BookmarksLoadDropped droppedNodes=0
2026-09-10 10:00:29.503: [INFO] BookmarksSnapshot Startup total=0 bar=0 other=0 mobile=0 showBar=0 showBarNTP=1
2026-09-10 10:00:29.585: [INFO] BookmarksSnapshot Shutdown total=0 bar=0 other=0 mobile=0 showBar=0 showBarNTP=1
2026-09-10 10:00:51.037: [INFO] CurrentProfilePath: C:\Users\Miguel\eclipse-workspace\.metadata\.plugins\org.eclipse.swt\EBWebView\Default
2026-09-10 10:00:51.037: [INFO] Profiles total count: 1
2026-09-10 10:00:51.037: [INFO] Profile: name=Perfil 1 path=C:\Users\Miguel\eclipse-workspace\.metadata\.plugins\org.eclipse.swt\EBWebView\Default lastActive=2026-09-10T08:04:44.179Z
2026-09-10 10:00:51.037: [INFO] LastUsedProfileDir: C:\Users\Miguel\eclipse-workspace\.metadata\.plugins\org.eclipse.swt\EBWebView\Default
2026-09-10 10:00:51.037: [INFO] MostRecentlyActiveProfile: name=Perfil 1 path=C:\Users\Miguel\eclipse-workspace\.metadata\.plugins\org.eclipse.swt\EBWebView\Default lastActive=2026-09-10T08:04:44.179Z
2026-09-10 10:00:51.037: [INFO] OnDoneLoading sync enabled: 0
2026-09-10 10:00:51.037: [INFO] BookmarkModelLoaded, ids_reassigned: 0
2026-09-10 10:00:51.037: [INFO] BookmarksLoadDropped droppedNodes=0
2026-09-10 10:00:51.037: [INFO] BookmarksSnapshot Startup total=0 bar=0 other=0 mobile=0 showBar=0 showBarNTP=1
2026-09-10 10:01:38.354: [INFO] BookmarksSnapshot Shutdown total=0 bar=0 other=0 mobile=0 showBar=0 showBarNTP=1
2026-09-11 10:21:43.144: [INFO] CurrentProfilePath: C:\Users\Miguel\eclipse-workspace\.metadata\.plugins\org.eclipse.swt\EBWebView\Default
2026-09-11 10:21:43.144: [INFO] Profiles total count: 1
2026-09-11 10:21:43.144: [INFO] Profile: name=Perfil 1 path=C:\Users\Miguel\eclipse-workspace\.metadata\.plugins\org.eclipse.swt\EBWebView\Default lastActive=2026-09-10T08:04:44.179Z
2026-09-11 10:21:43.144: [INFO] LastUsedProfileDir: C:\Users\Miguel\eclipse-workspace\.metadata\.plugins\org.eclipse.swt\EBWebView\Default
2026-09-11 10:21:43.144: [INFO] MostRecentlyActiveProfile: name=Perfil 1 path=C:\Users\Miguel\eclipse-workspace\.metadata\.plugins\org.eclipse.swt\EBWebView\Default lastActive=2026-09-10T08:04:44.179Z
2026-09-11 10:21:43.144: [INFO] OnDoneLoading sync enabled: 0
2026-09-11 10:21:43.144: [INFO] BookmarkModelLoaded, ids_reassigned: 0
2026-09-11 10:21:43.144: [INFO] BookmarksLoadDropped droppedNodes=0
2026-09-11 10:21:43.144: [INFO] BookmarksSnapshot Startup total=0 bar=0 other=0 mobile=0 showBar=0 showBarNTP=1
2026-09-11 10:21:43.231: [INFO] BookmarksSnapshot Shutdown total=0 bar=0 other=0 mobile=0 showBar=0 showBarNTP=1
2026-09-11 10:21:49.141: [INFO] CurrentProfilePath: C:\Users\Miguel\eclipse-workspace\.metadata\.plugins\org.eclipse.swt\EBWebView\Default
2026-09-11 10:21:49.141: [INFO] Profiles total count: 1
2026-09-11 10:21:49.141: [INFO] Profile: name=Perfil 1 path=C:\Users\Miguel\eclipse-workspace\.metadata\.plugins\org.eclipse.swt\EBWebView\Default lastActive=2026-09-10T08:04:44.179Z
2026-09-11 10:21:49.141: [INFO] LastUsedProfileDir: C:\Users\Miguel\eclipse-workspace\.metadata\.plugins\org.eclipse.swt\EBWebView\Default
2026-09-11 10:21:49.141: [INFO] MostRecentlyActiveProfile: name=Perfil 1 path=C:\Users\Miguel\eclipse-workspace\.metadata\.plugins\org.eclipse.swt\EBWebView\Default lastActive=2026-09-10T08:04:44.179Z
2026-09-11 10:21:49.141: [INFO] OnDoneLoading sync enabled: 0
2026-09-11 10:21:49.141: [INFO] BookmarkModelLoaded, ids_reassigned: 0
2026-09-11 10:21:49.141: [INFO] BookmarksLoadDropped droppedNodes=0
2026-09-11 10:21:49.141: [INFO] BookmarksSnapshot Startup total=0 bar=0 other=0 mobile=0 showBar=0 showBarNTP=1
2026-09-11 10:21:51.457: [INFO] BookmarksSnapshot Shutdown total=0 bar=0 other=0 mobile=0 showBar=0 showBarNTP=1
2026-09-11 10:31:34.514: [INFO] CurrentProfilePath: C:\Users\Miguel\eclipse-workspace\.metadata\.plugins\org.eclipse.swt\EBWebView\Default
2026-09-11 10:31:34.514: [INFO] Profiles total count: 1
2026-09-11 10:31:34.514: [INFO] Profile: name=Perfil 1 path=C:\Users\Miguel\eclipse-workspace\.metadata\.plugins\org.eclipse.swt\EBWebView\Default lastActive=2026-09-10T08:04:44.179Z
2026-09-11 10:31:34.514: [INFO] LastUsedProfileDir: C:\Users\Miguel\eclipse-workspace\.metadata\.plugins\org.eclipse.swt\EBWebView\Default
2026-09-11 10:31:34.514: [INFO] MostRecentlyActiveProfile: name=Perfil 1 path=C:\Users\Miguel\eclipse-workspace\.metadata\.plugins\org.eclipse.swt\EBWebView\Default lastActive=2026-09-10T08:04:44.179Z
2026-09-11 10:31:34.514: [INFO] OnDoneLoading sync enabled: 0
2026-09-11 10:31:34.514: [INFO] BookmarkModelLoaded, ids_reassigned: 0
2026-09-11 10:31:34.514: [INFO] BookmarksLoadDropped droppedNodes=0
2026-09-11 10:31:34.514: [INFO] BookmarksSnapshot Startup total=0 bar=0 other=0 mobile=0 showBar=0 showBarNTP=1
2026-09-11 10:39:14.733: [INFO] BookmarksSnapshot Shutdown total=0 bar=0 other=0 mobile=0 showBar=0 showBarNTP=1
2026-09-11 10:41:17.680: [INFO] CurrentProfilePath: C:\Users\Miguel\eclipse-workspace\.metadata\.plugins\org.eclipse.swt\EBWebView\Default
2026-09-11 10:41:17.680: [INFO] Profiles total count: 1
2026-09-11 10:41:17.680: [INFO] Profile: name=Perfil 1 path=C:\Users\Miguel\eclipse-workspace\.metadata\.plugins\org.eclipse.swt\EBWebView\Default lastActive=2026-09-10T08:04:44.179Z
2026-09-11 10:41:17.680: [INFO] LastUsedProfileDir: C:\Users\Miguel\eclipse-workspace\.metadata\.plugins\org.eclipse.swt\EBWebView\Default
2026-09-11 10:41:17.680: [INFO] MostRecentlyActiveProfile: name=Perfil 1 path=C:\Users\Miguel\eclipse-workspace\.metadata\.plugins\org.eclipse.swt\EBWebView\Default lastActive=2026-09-10T08:04:44.179Z
2026-09-11 10:41:17.680: [INFO] OnDoneLoading sync enabled: 0
2026-09-11 10:41:17.680: [INFO] BookmarkModelLoaded, ids_reassigned: 0
2026-09-11 10:41:17.680: [INFO] BookmarksLoadDropped droppedNodes=0
2026-09-11 10:41:17.680: [INFO] BookmarksSnapshot Startup total=0 bar=0 other=0 mobile=0 showBar=0 showBarNTP=1
2026-09-11 10:42:09.971: [INFO] BookmarksSnapshot Shutdown total=0 bar=0 other=0 mobile=0 showBar=0 showBarNTP=1
2026-09-11 10:42:44.677: [INFO] CurrentProfilePath: C:\Users\Miguel\eclipse-workspace\.metadata\.plugins\org.eclipse.swt\EBWebView\Default
2026-09-11 10:42:44.677: [INFO] Profiles total count: 1
2026-09-11 10:42:44.677: [INFO] Profile: name=Perfil 1 path=C:\Users\Miguel\eclipse-workspace\.metadata\.plugins\org.eclipse.swt\EBWebView\Default lastActive=2026-09-10T08:04:44.179Z
2026-09-11 10:42:44.677: [INFO] LastUsedProfileDir: C:\Users\Miguel\eclipse-workspace\.metadata\.plugins\org.eclipse.swt\EBWebView\Default
2026-09-11 10:42:44.677: [INFO] MostRecentlyActiveProfile: name=Perfil 1 path=C:\Users\Miguel\eclipse-workspace\.metadata\.plugins\org.eclipse.swt\EBWebView\Default lastActive=2026-09-10T08:04:44.179Z
2026-09-11 10:42:44.677: [INFO] OnDoneLoading sync enabled: 0
2026-09-11 10:42:44.677: [INFO] BookmarkModelLoaded, ids_reassigned: 0
2026-09-11 10:42:44.677: [INFO] BookmarksLoadDropped droppedNodes=0
2026-09-11 10:42:44.677: [INFO] BookmarksSnapshot Startup total=0 bar=0 other=0 mobile=0 showBar=0 showBarNTP=1
2026-09-11 10:42:49.305: [INFO] BookmarksSnapshot Shutdown total=0 bar=0 other=0 mobile=0 showBar=0 showBarNTP=1
2026-09-14 06:12:11.942: [INFO] CurrentProfilePath: C:\Users\Miguel\eclipse-workspace\.metadata\.plugins\org.eclipse.swt\EBWebView\Default
2026-09-14 06:12:11.942: [INFO] Profiles total count: 1
2026-09-14 06:12:11.942: [INFO] Profile: name=Perfil 1 path=C:\Users\Miguel\eclipse-workspace\.metadata\.plugins\org.eclipse.swt\EBWebView\Default lastActive=2026-09-10T08:04:44.179Z
2026-09-14 06:12:11.942: [INFO] LastUsedProfileDir: C:\Users\Miguel\eclipse-workspace\.metadata\.plugins\org.eclipse.swt\EBWebView\Default
2026-09-14 06:12:11.942: [INFO] MostRecentlyActiveProfile: name=Perfil 1 path=C:\Users\Miguel\eclipse-workspace\.metadata\.plugins\org.eclipse.swt\EBWebView\Default lastActive=2026-09-10T08:04:44.179Z
2026-09-14 06:12:11.942: [INFO] OnDoneLoading sync enabled: 0
2026-09-14 06:12:11.942: [INFO] BookmarkModelLoaded, ids_reassigned: 0
2026-09-14 06:12:11.942: [INFO] BookmarksLoadDropped droppedNodes=0
2026-09-14 06:12:11.942: [INFO] BookmarksSnapshot Startup total=0 bar=0 other=0 mobile=0 showBar=0 showBarNTP=1
2026-09-14 06:12:18.001: [INFO] BookmarksSnapshot Shutdown total=0 bar=0 other=0 mobile=0 showBar=0 showBarNTP=1
2026-09-14 08:11:18.893: [INFO] CurrentProfilePath: C:\Users\Miguel\eclipse-workspace\.metadata\.plugins\org.eclipse.swt\EBWebView\Default
2026-09-14 08:11:18.893: [INFO] Profiles total count: 1
2026-09-14 08:11:18.893: [INFO] Profile: name=Perfil 1 path=C:\Users\Miguel\eclipse-workspace\.metadata\.plugins\org.eclipse.swt\EBWebView\Default lastActive=2026-09-10T08:04:44.179Z
2026-09-14 08:11:18.893: [INFO] LastUsedProfileDir: C:\Users\Miguel\eclipse-workspace\.metadata\.plugins\org.eclipse.swt\EBWebView\Default
2026-09-14 08:11:18.893: [INFO] MostRecentlyActiveProfile: name=Perfil 1 path=C:\Users\Miguel\eclipse-workspace\.metadata\.plugins\org.eclipse.swt\EBWebView\Default lastActive=2026-09-10T08:04:44.179Z
2026-09-14 08:11:18.893: [INFO] OnDoneLoading sync enabled: 0
2026-09-14 08:11:18.893: [INFO] BookmarkModelLoaded, ids_reassigned: 0
2026-09-14 08:11:18.893: [INFO] BookmarksLoadDropped droppedNodes=0
2026-09-14 08:11:18.893: [INFO] BookmarksSnapshot Startup total=0 bar=0 other=0 mobile=0 showBar=0 showBarNTP=1
2026-09-14 09:34:45.927: [INFO] BookmarksSnapshot Shutdown total=0 bar=0 other=0 mobile=0 showBar=0 showBarNTP=1
2026-09-15 06:28:47.888: [INFO] CurrentProfilePath: C:\Users\Miguel\eclipse-workspace\.metadata\.plugins\org.eclipse.swt\EBWebView\Default
2026-09-15 06:28:47.888: [INFO] Profiles total count: 1
2026-09-15 06:28:47.888: [INFO] Profile: name=Perfil 1 path=C:\Users\Miguel\eclipse-workspace\.metadata\.plugins\org.eclipse.swt\EBWebView\Default lastActive=2026-09-14T08:11:22.446Z
2026-09-15 06:28:47.888: [INFO] LastUsedProfileDir: C:\Users\Miguel\eclipse-workspace\.metadata\.plugins\org.eclipse.swt\EBWebView\Default
2026-09-15 06:28:47.888: [INFO] MostRecentlyActiveProfile: name=Perfil 1 path=C:\Users\Miguel\eclipse-workspace\.metadata\.plugins\org.eclipse.swt\EBWebView\Default lastActive=2026-09-14T08:11:22.446Z
2026-09-15 06:28:47.888: [INFO] OnDoneLoading sync enabled: 0
2026-09-15 06:28:47.888: [INFO] BookmarkModelLoaded, ids_reassigned: 0
2026-09-15 06:28:47.888: [INFO] BookmarksLoadDropped droppedNodes=0
2026-09-15 06:28:47.888: [INFO] BookmarksSnapshot Startup total=0 bar=0 other=0 mobile=0 showBar=0 showBarNTP=1
2026-09-15 06:28:51.082: [INFO] BookmarksSnapshot Shutdown total=0 bar=0 other=0 mobile=0 showBar=0 showBarNTP=1
2026-09-15 07:00:37.620: [INFO] CurrentProfilePath: C:\Users\Miguel\eclipse-workspace\.metadata\.plugins\org.eclipse.swt\EBWebView\Default
2026-09-15 07:00:37.620: [INFO] Profiles total count: 1
2026-09-15 07:00:37.620: [INFO] Profile: name=Perfil 1 path=C:\Users\Miguel\eclipse-workspace\.metadata\.plugins\org.eclipse.swt\EBWebView\Default lastActive=2026-09-14T08:11:22.446Z
2026-09-15 07:00:37.620: [INFO] LastUsedProfileDir: C:\Users\Miguel\eclipse-workspace\.metadata\.plugins\org.eclipse.swt\EBWebView\Default
2026-09-15 07:00:37.620: [INFO] MostRecentlyActiveProfile: name=Perfil 1 path=C:\Users\Miguel\eclipse-workspace\.metadata\.plugins\org.eclipse.swt\EBWebView\Default lastActive=2026-09-14T08:11:22.446Z
2026-09-15 07:00:37.620: [INFO] OnDoneLoading sync enabled: 0
2026-09-15 07:00:37.620: [INFO] BookmarkModelLoaded, ids_reassigned: 0
2026-09-15 07:00:37.620: [INFO] BookmarksLoadDropped droppedNodes=0
2026-09-15 07:00:37.620: [INFO] BookmarksSnapshot Startup total=0 bar=0 other=0 mobile=0 showBar=0 showBarNTP=1
2026-09-15 07:00:38.111: [INFO] BookmarksSnapshot Shutdown total=0 bar=0 other=0 mobile=0 showBar=0 showBarNTP=1
2026-09-15 07:01:39.202: [INFO] CurrentProfilePath: C:\Users\Miguel\eclipse-workspace\.metadata\.plugins\org.eclipse.swt\EBWebView\Default
2026-09-15 07:01:39.202: [INFO] Profiles total count: 1
2026-09-15 07:01:39.202: [INFO] Profile: name=Perfil 1 path=C:\Users\Miguel\eclipse-workspace\.metadata\.plugins\org.eclipse.swt\EBWebView\Default lastActive=2026-09-14T08:11:22.446Z
2026-09-15 07:01:39.202: [INFO] LastUsedProfileDir: C:\Users\Miguel\eclipse-workspace\.metadata\.plugins\org.eclipse.swt\EBWebView\Default
2026-09-15 07:01:39.202: [INFO] MostRecentlyActiveProfile: name=Perfil 1 path=C:\Users\Miguel\eclipse-workspace\.metadata\.plugins\org.eclipse.swt\EBWebView\Default lastActive=2026-09-14T08:11:22.446Z
2026-09-15 07:01:39.202: [INFO] OnDoneLoading sync enabled: 0
2026-09-15 07:01:39.202: [INFO] BookmarkModelLoaded, ids_reassigned: 0
2026-09-15 07:01:39.202: [INFO] BookmarksLoadDropped droppedNodes=0
2026-09-15 07:01:39.202: [INFO] BookmarksSnapshot Startup total=0 bar=0 other=0 mobile=0 showBar=0 showBarNTP=1
2026-09-15 07:02:17.620: [INFO] BookmarksSnapshot Shutdown total=0 bar=0 other=0 mobile=0 showBar=0 showBarNTP=1
2026-09-15 07:02:19.715: [INFO] CurrentProfilePath: C:\Users\Miguel\eclipse-workspace\.metadata\.plugins\org.eclipse.swt\EBWebView\Default
2026-09-15 07:02:19.715: [INFO] Profiles total count: 1
2026-09-15 07:02:19.715: [INFO] Profile: name=Perfil 1 path=C:\Users\Miguel\eclipse-workspace\.metadata\.plugins\org.eclipse.swt\EBWebView\Default lastActive=2026-09-14T08:11:22.446Z
2026-09-15 07:02:19.715: [INFO] LastUsedProfileDir: C:\Users\Miguel\eclipse-workspace\.metadata\.plugins\org.eclipse.swt\EBWebView\Default
2026-09-15 07:02:19.715: [INFO] MostRecentlyActiveProfile: name=Perfil 1 path=C:\Users\Miguel\eclipse-workspace\.metadata\.plugins\org.eclipse.swt\EBWebView\Default lastActive=2026-09-14T08:11:22.446Z
2026-09-15 07:02:19.715: [INFO] OnDoneLoading sync enabled: 0
2026-09-15 07:02:19.715: [INFO] BookmarkModelLoaded, ids_reassigned: 0
2026-09-15 07:02:19.715: [INFO] BookmarksLoadDropped droppedNodes=0
2026-09-15 07:02:19.715: [INFO] BookmarksSnapshot Startup total=0 bar=0 other=0 mobile=0 showBar=0 showBarNTP=1
2026-09-15 07:13:01.336: [INFO] BookmarksSnapshot Shutdown total=0 bar=0 other=0 mobile=0 showBar=0 showBarNTP=1
2026-09-15 07:16:28.010: [INFO] CurrentProfilePath: C:\Users\Miguel\eclipse-workspace\.metadata\.plugins\org.eclipse.swt\EBWebView\Default
2026-09-15 07:16:28.010: [INFO] Profiles total count: 1
2026-09-15 07:16:28.010: [INFO] Profile: name=Perfil 1 path=C:\Users\Miguel\eclipse-workspace\.metadata\.plugins\org.eclipse.swt\EBWebView\Default lastActive=2026-09-14T08:11:22.446Z
2026-09-15 07:16:28.010: [INFO] LastUsedProfileDir: C:\Users\Miguel\eclipse-workspace\.metadata\.plugins\org.eclipse.swt\EBWebView\Default
2026-09-15 07:16:28.010: [INFO] MostRecentlyActiveProfile: name=Perfil 1 path=C:\Users\Miguel\eclipse-workspace\.metadata\.plugins\org.eclipse.swt\EBWebView\Default lastActive=2026-09-14T08:11:22.446Z
2026-09-15 07:16:28.010: [INFO] OnDoneLoading sync enabled: 0
2026-09-15 07:16:28.010: [INFO] BookmarkModelLoaded, ids_reassigned: 0
2026-09-15 07:16:28.010: [INFO] BookmarksLoadDropped droppedNodes=0
2026-09-15 07:16:28.010: [INFO] BookmarksSnapshot Startup total=0 bar=0 other=0 mobile=0 showBar=0 showBarNTP=1
2026-09-15 07:16:31.457: [INFO] BookmarksSnapshot Shutdown total=0 bar=0 other=0 mobile=0 showBar=0 showBarNTP=1
2026-09-15 07:48:13.528: [INFO] CurrentProfilePath: C:\Users\Miguel\eclipse-workspace\.metadata\.plugins\org.eclipse.swt\EBWebView\Default
2026-09-15 07:48:13.528: [INFO] Profiles total count: 1
2026-09-15 07:48:13.528: [INFO] Profile: name=Perfil 1 path=C:\Users\Miguel\eclipse-workspace\.metadata\.plugins\org.eclipse.swt\EBWebView\Default lastActive=2026-09-14T08:11:22.446Z
2026-09-15 07:48:13.528: [INFO] LastUsedProfileDir: C:\Users\Miguel\eclipse-workspace\.metadata\.plugins\org.eclipse.swt\EBWebView\Default
2026-09-15 07:48:13.528: [INFO] MostRecentlyActiveProfile: name=Perfil 1 path=C:\Users\Miguel\eclipse-workspace\.metadata\.plugins\org.eclipse.swt\EBWebView\Default lastActive=2026-09-14T08:11:22.446Z
2026-09-15 07:48:13.528: [INFO] OnDoneLoading sync enabled: 0
2026-09-15 07:48:13.528: [INFO] BookmarkModelLoaded, ids_reassigned: 0
2026-09-15 07:48:13.528: [INFO] BookmarksLoadDropped droppedNodes=0
2026-09-15 07:48:13.528: [INFO] BookmarksSnapshot Startup total=0 bar=0 other=0 mobile=0 showBar=0 showBarNTP=1
2026-09-15 10:46:17.215: [INFO] BookmarksSnapshot Shutdown total=0 bar=0 other=0 mobile=0 showBar=0 showBarNTP=1
2026-09-16 08:05:24.902: [INFO] CurrentProfilePath: C:\Users\Miguel\eclipse-workspace\.metadata\.plugins\org.eclipse.swt\EBWebView\Default
2026-09-16 08:05:24.902: [INFO] Profiles total count: 1
2026-09-16 08:05:24.902: [INFO] Profile: name=Perfil 1 path=C:\Users\Miguel\eclipse-workspace\.metadata\.plugins\org.eclipse.swt\EBWebView\Default lastActive=2026-09-15T07:52:58.268Z
2026-09-16 08:05:24.902: [INFO] LastUsedProfileDir: C:\Users\Miguel\eclipse-workspace\.metadata\.plugins\org.eclipse.swt\EBWebView\Default
2026-09-16 08:05:24.902: [INFO] MostRecentlyActiveProfile: name=Perfil 1 path=C:\Users\Miguel\eclipse-workspace\.metadata\.plugins\org.eclipse.swt\EBWebView\Default lastActive=2026-09-15T07:52:58.268Z
2026-09-16 08:05:24.902: [INFO] OnDoneLoading sync enabled: 0
2026-09-16 08:05:24.902: [INFO] BookmarkModelLoaded, ids_reassigned: 0
2026-09-16 08:05:24.902: [INFO] BookmarksLoadDropped droppedNodes=0
2026-09-16 08:05:24.902: [INFO] BookmarksSnapshot Startup total=0 bar=0 other=0 mobile=0 showBar=0 showBarNTP=1
2026-09-16 08:05:32.770: [INFO] BookmarksSnapshot Shutdown total=0 bar=0 other=0 mobile=0 showBar=0 showBarNTP=1
2026-09-16 08:13:30.113: [INFO] CurrentProfilePath: C:\Users\Miguel\eclipse-workspace\.metadata\.plugins\org.eclipse.swt\EBWebView\Default
2026-09-16 08:13:30.113: [INFO] Profiles total count: 1
2026-09-16 08:13:30.113: [INFO] Profile: name=Perfil 1 path=C:\Users\Miguel\eclipse-workspace\.metadata\.plugins\org.eclipse.swt\EBWebView\Default lastActive=2026-09-16T08:05:30.748Z
2026-09-16 08:13:30.113: [INFO] LastUsedProfileDir: C:\Users\Miguel\eclipse-workspace\.metadata\.plugins\org.eclipse.swt\EBWebView\Default
2026-09-16 08:13:30.113: [INFO] MostRecentlyActiveProfile: name=Perfil 1 path=C:\Users\Miguel\eclipse-workspace\.metadata\.plugins\org.eclipse.swt\EBWebView\Default lastActive=2026-09-16T08:05:30.748Z
2026-09-16 08:13:30.113: [INFO] OnDoneLoading sync enabled: 0
2026-09-16 08:13:30.113: [INFO] BookmarkModelLoaded, ids_reassigned: 0
2026-09-16 08:13:30.113: [INFO] BookmarksLoadDropped droppedNodes=0
2026-09-16 08:13:30.113: [INFO] BookmarksSnapshot Startup total=0 bar=0 other=0 mobile=0 showBar=0 showBarNTP=1
2026-09-16 08:16:13.105: [INFO] BookmarksSnapshot Shutdown total=0 bar=0 other=0 mobile=0 showBar=0 showBarNTP=1
2026-09-16 08:16:37.837: [INFO] CurrentProfilePath: C:\Users\Miguel\eclipse-workspace\.metadata\.plugins\org.eclipse.swt\EBWebView\Default
2026-09-16 08:16:37.837: [INFO] Profiles total count: 1
2026-09-16 08:16:37.837: [INFO] Profile: name=Perfil 1 path=C:\Users\Miguel\eclipse-workspace\.metadata\.plugins\org.eclipse.swt\EBWebView\Default lastActive=2026-09-16T08:05:30.748Z
2026-09-16 08:16:37.837: [INFO] LastUsedProfileDir: C:\Users\Miguel\eclipse-workspace\.metadata\.plugins\org.eclipse.swt\EBWebView\Default
2026-09-16 08:16:37.837: [INFO] MostRecentlyActiveProfile: name=Perfil 1 path=C:\Users\Miguel\eclipse-workspace\.metadata\.plugins\org.eclipse.swt\EBWebView\Default lastActive=2026-09-16T08:05:30.748Z
2026-09-16 08:16:37.837: [INFO] OnDoneLoading sync enabled: 0
2026-09-16 08:16:37.837: [INFO] BookmarkModelLoaded, ids_reassigned: 0
2026-09-16 08:16:37.837: [INFO] BookmarksLoadDropped droppedNodes=0
2026-09-16 08:16:37.837: [INFO] BookmarksSnapshot Startup total=0 bar=0 other=0 mobile=0 showBar=0 showBarNTP=1
2026-09-16 09:10:37.875: [INFO] BookmarksSnapshot Shutdown total=0 bar=0 other=0 mobile=0 showBar=0 showBarNTP=1
2026-09-16 11:08:05.542: [INFO] CurrentProfilePath: C:\Users\Miguel\eclipse-workspace\.metadata\.plugins\org.eclipse.swt\EBWebView\Default
2026-09-16 11:08:05.542: [INFO] Profiles total count: 1
2026-09-16 11:08:05.542: [INFO] Profile: name=Perfil 1 path=C:\Users\Miguel\eclipse-workspace\.metadata\.plugins\org.eclipse.swt\EBWebView\Default lastActive=2026-09-16T08:05:30.748Z
2026-09-16 11:08:05.542: [INFO] LastUsedProfileDir: C:\Users\Miguel\eclipse-workspace\.metadata\.plugins\org.eclipse.swt\EBWebView\Default
2026-09-16 11:08:05.542: [INFO] MostRecentlyActiveProfile: name=Perfil 1 path=C:\Users\Miguel\eclipse-workspace\.metadata\.plugins\org.eclipse.swt\EBWebView\Default lastActive=2026-09-16T08:05:30.748Z
2026-09-16 11:08:05.542: [INFO] OnDoneLoading sync enabled: 0
2026-09-16 11:08:05.542: [INFO] BookmarkModelLoaded, ids_reassigned: 0
2026-09-16 11:08:05.542: [INFO] BookmarksLoadDropped droppedNodes=0
2026-09-16 11:08:05.542: [INFO] BookmarksSnapshot Startup total=0 bar=0 other=0 mobile=0 showBar=0 showBarNTP=1
2026-09-16 11:08:10.212: [INFO] BookmarksSnapshot Shutdown total=0 bar=0 other=0 mobile=0 showBar=0 showBarNTP=1
2026-09-16 11:10:32.906: [INFO] CurrentProfilePath: C:\Users\Miguel\eclipse-workspace\.metadata\.plugins\org.eclipse.swt\EBWebView\Default
2026-09-16 11:10:32.906: [INFO] Profiles total count: 1
2026-09-16 11:10:32.906: [INFO] Profile: name=Perfil 1 path=C:\Users\Miguel\eclipse-workspace\.metadata\.plugins\org.eclipse.swt\EBWebView\Default lastActive=2026-09-16T08:05:30.748Z
2026-09-16 11:10:32.906: [INFO] LastUsedProfileDir: C:\Users\Miguel\eclipse-workspace\.metadata\.plugins\org.eclipse.swt\EBWebView\Default
2026-09-16 11:10:32.906: [INFO] MostRecentlyActiveProfile: name=Perfil 1 path=C:\Users\Miguel\eclipse-workspace\.metadata\.plugins\org.eclipse.swt\EBWebView\Default lastActive=2026-09-16T08:05:30.748Z
2026-09-16 11:10:32.906: [INFO] OnDoneLoading sync enabled: 0
2026-09-16 11:10:32.906: [INFO] BookmarkModelLoaded, ids_reassigned: 0
2026-09-16 11:10:32.906: [INFO] BookmarksLoadDropped droppedNodes=0
2026-09-16 11:10:32.906: [INFO] BookmarksSnapshot Startup total=0 bar=0 other=0 mobile=0 showBar=0 showBarNTP=1
2026-09-16 12:28:22.493: [INFO] BookmarksSnapshot Shutdown total=0 bar=0 other=0 mobile=0 showBar=0 showBarNTP=1
2026-09-16 19:51:56.946: [INFO] CurrentProfilePath: C:\Users\Miguel\eclipse-workspace\.metadata\.plugins\org.eclipse.swt\EBWebView\Default
2026-09-16 19:51:56.946: [INFO] Profiles total count: 1
2026-09-16 19:51:56.946: [INFO] Profile: name=Perfil 1 path=C:\Users\Miguel\eclipse-workspace\.metadata\.plugins\org.eclipse.swt\EBWebView\Default lastActive=2026-09-16T08:05:30.748Z
2026-09-16 19:51:56.946: [INFO] LastUsedProfileDir: C:\Users\Miguel\eclipse-workspace\.metadata\.plugins\org.eclipse.swt\EBWebView\Default
2026-09-16 19:51:56.946: [INFO] MostRecentlyActiveProfile: name=Perfil 1 path=C:\Users\Miguel\eclipse-workspace\.metadata\.plugins\org.eclipse.swt\EBWebView\Default lastActive=2026-09-16T08:05:30.748Z
2026-09-16 19:51:56.946: [INFO] OnDoneLoading sync enabled: 0
2026-09-16 19:51:56.946: [INFO] BookmarkModelLoaded, ids_reassigned: 0
2026-09-16 19:51:56.946: [INFO] BookmarksLoadDropped droppedNodes=0
2026-09-16 19:51:56.946: [INFO] BookmarksSnapshot Startup total=0 bar=0 other=0 mobile=0 showBar=0 showBarNTP=1
2026-09-16 20:11:39.775: [INFO] BookmarksSnapshot Shutdown total=0 bar=0 other=0 mobile=0 showBar=0 showBarNTP=1
2026-09-17 06:13:41.290: [INFO] CurrentProfilePath: C:\Users\Miguel\eclipse-workspace\.metadata\.plugins\org.eclipse.swt\EBWebView\Default
2026-09-17 06:13:41.290: [INFO] Profiles total count: 1
2026-09-17 06:13:41.290: [INFO] Profile: name=Perfil 1 path=C:\Users\Miguel\eclipse-workspace\.metadata\.plugins\org.eclipse.swt\EBWebView\Default lastActive=2026-09-16T08:05:30.748Z
2026-09-17 06:13:41.290: [INFO] LastUsedProfileDir: C:\Users\Miguel\eclipse-workspace\.metadata\.plugins\org.eclipse.swt\EBWebView\Default
2026-09-17 06:13:41.290: [INFO] MostRecentlyActiveProfile: name=Perfil 1 path=C:\Users\Miguel\eclipse-workspace\.metadata\.plugins\org.eclipse.swt\EBWebView\Default lastActive=2026-09-16T08:05:30.748Z
2026-09-17 06:13:41.290: [INFO] OnDoneLoading sync enabled: 0
2026-09-17 06:13:41.290: [INFO] BookmarkModelLoaded, ids_reassigned: 0
2026-09-17 06:13:41.290: [INFO] BookmarksLoadDropped droppedNodes=0
2026-09-17 06:13:41.290: [INFO] BookmarksSnapshot Startup total=0 bar=0 other=0 mobile=0 showBar=0 showBarNTP=1
2026-09-17 07:39:04.539: [INFO] CurrentProfilePath: C:\Users\Miguel\eclipse-workspace\.metadata\.plugins\org.eclipse.swt\EBWebView\Default
2026-09-17 07:39:04.539: [INFO] Profiles total count: 1
2026-09-17 07:39:04.539: [INFO] Profile: name=Perfil 1 path=C:\Users\Miguel\eclipse-workspace\.metadata\.plugins\org.eclipse.swt\EBWebView\Default lastActive=2026-09-16T08:05:30.748Z
2026-09-17 07:39:04.539: [INFO] LastUsedProfileDir: C:\Users\Miguel\eclipse-workspace\.metadata\.plugins\org.eclipse.swt\EBWebView\Default
2026-09-17 07:39:04.539: [INFO] MostRecentlyActiveProfile: name=Perfil 1 path=C:\Users\Miguel\eclipse-workspace\.metadata\.plugins\org.eclipse.swt\EBWebView\Default lastActive=2026-09-16T08:05:30.748Z
2026-09-17 07:39:04.539: [INFO] OnDoneLoading sync enabled: 0
2026-09-17 07:39:04.539: [INFO] BookmarkModelLoaded, ids_reassigned: 0
2026-09-17 07:39:04.539: [INFO] BookmarksLoadDropped droppedNodes=0
2026-09-17 07:39:04.539: [INFO] BookmarksSnapshot Startup total=0 bar=0 other=0 mobile=0 showBar=0 showBarNTP=1
2026-09-17 07:39:28.583: [INFO] BookmarksSnapshot Shutdown total=0 bar=0 other=0 mobile=0 showBar=0 showBarNTP=1
2026-09-17 07:43:09.123: [INFO] CurrentProfilePath: C:\Users\Miguel\eclipse-workspace\.metadata\.plugins\org.eclipse.swt\EBWebView\Default
2026-09-17 07:43:09.123: [INFO] Profiles total count: 1
2026-09-17 07:43:09.123: [INFO] Profile: name=Perfil 1 path=C:\Users\Miguel\eclipse-workspace\.metadata\.plugins\org.eclipse.swt\EBWebView\Default lastActive=2026-09-17T07:39:20.307Z
2026-09-17 07:43:09.123: [INFO] LastUsedProfileDir: C:\Users\Miguel\eclipse-workspace\.metadata\.plugins\org.eclipse.swt\EBWebView\Default
2026-09-17 07:43:09.123: [INFO] MostRecentlyActiveProfile: name=Perfil 1 path=C:\Users\Miguel\eclipse-workspace\.metadata\.plugins\org.eclipse.swt\EBWebView\Default lastActive=2026-09-17T07:39:20.307Z
2026-09-17 07:43:09.123: [INFO] OnDoneLoading sync enabled: 0
2026-09-17 07:43:09.123: [INFO] BookmarkModelLoaded, ids_reassigned: 0
2026-09-17 07:43:09.123: [INFO] BookmarksLoadDropped droppedNodes=0
2026-09-17 07:43:09.123: [INFO] BookmarksSnapshot Startup total=0 bar=0 other=0 mobile=0 showBar=0 showBarNTP=1
2026-09-17 07:46:29.743: [INFO] BookmarksSnapshot Shutdown total=0 bar=0 other=0 mobile=0 showBar=0 showBarNTP=1
2026-09-18 09:11:06.012: [INFO] CurrentProfilePath: C:\Users\Miguel\eclipse-workspace\.metadata\.plugins\org.eclipse.swt\EBWebView\Default
2026-09-18 09:11:06.012: [INFO] Profiles total count: 1
2026-09-18 09:11:06.012: [INFO] Profile: name=Perfil 1 path=C:\Users\Miguel\eclipse-workspace\.metadata\.plugins\org.eclipse.swt\EBWebView\Default lastActive=2026-09-17T07:39:20.307Z
2026-09-18 09:11:06.012: [INFO] LastUsedProfileDir: C:\Users\Miguel\eclipse-workspace\.metadata\.plugins\org.eclipse.swt\EBWebView\Default
2026-09-18 09:11:06.012: [INFO] MostRecentlyActiveProfile: name=Perfil 1 path=C:\Users\Miguel\eclipse-workspace\.metadata\.plugins\org.eclipse.swt\EBWebView\Default lastActive=2026-09-17T07:39:20.307Z
2026-09-18 09:11:06.012: [INFO] OnDoneLoading sync enabled: 0
2026-09-18 09:11:06.012: [INFO] BookmarkModelLoaded, ids_reassigned: 0
2026-09-18 09:11:06.012: [INFO] BookmarksLoadDropped droppedNodes=0
2026-09-18 09:11:06.012: [INFO] BookmarksSnapshot Startup total=0 bar=0 other=0 mobile=0 showBar=0 showBarNTP=1
2026-09-18 09:11:38.378: [INFO] BookmarksSnapshot Shutdown total=0 bar=0 other=0 mobile=0 showBar=0 showBarNTP=1
2026-09-18 10:30:40.455: [INFO] CurrentProfilePath: C:\Users\Miguel\eclipse-workspace\.metadata\.plugins\org.eclipse.swt\EBWebView\Default
2026-09-18 10:30:40.455: [INFO] Profiles total count: 1
2026-09-18 10:30:40.455: [INFO] Profile: name=Perfil 1 path=C:\Users\Miguel\eclipse-workspace\.metadata\.plugins\org.eclipse.swt\EBWebView\Default lastActive=2026-09-18T09:11:33.885Z
2026-09-18 10:30:40.455: [INFO] LastUsedProfileDir: C:\Users\Miguel\eclipse-workspace\.metadata\.plugins\org.eclipse.swt\EBWebView\Default
2026-09-18 10:30:40.455: [INFO] MostRecentlyActiveProfile: name=Perfil 1 path=C:\Users\Miguel\eclipse-workspace\.metadata\.plugins\org.eclipse.swt\EBWebView\Default lastActive=2026-09-18T09:11:33.885Z
2026-09-18 10:30:40.455: [INFO] OnDoneLoading sync enabled: 0
2026-09-18 10:30:40.455: [INFO] BookmarkModelLoaded, ids_reassigned: 0
2026-09-18 10:30:40.455: [INFO] BookmarksLoadDropped droppedNodes=0
2026-09-18 10:30:40.455: [INFO] BookmarksSnapshot Startup total=0 bar=0 other=0 mobile=0 showBar=0 showBarNTP=1
2026-09-18 10:31:04.108: [INFO] BookmarksSnapshot Shutdown total=0 bar=0 other=0 mobile=0 showBar=0 showBarNTP=1
2026-09-18 10:33:15.175: [INFO] CurrentProfilePath: C:\Users\Miguel\eclipse-workspace\.metadata\.plugins\org.eclipse.swt\EBWebView\Default
2026-09-18 10:33:15.175: [INFO] Profiles total count: 1
2026-09-18 10:33:15.175: [INFO] Profile: name=Perfil 1 path=C:\Users\Miguel\eclipse-workspace\.metadata\.plugins\org.eclipse.swt\EBWebView\Default lastActive=2026-09-18T09:11:33.885Z
2026-09-18 10:33:15.175: [INFO] LastUsedProfileDir: C:\Users\Miguel\eclipse-workspace\.metadata\.plugins\org.eclipse.swt\EBWebView\Default
2026-09-18 10:33:15.175: [INFO] MostRecentlyActiveProfile: name=Perfil 1 path=C:\Users\Miguel\eclipse-workspace\.metadata\.plugins\org.eclipse.swt\EBWebView\Default lastActive=2026-09-18T09:11:33.885Z
2026-09-18 10:33:15.175: [INFO] OnDoneLoading sync enabled: 0
2026-09-18 10:33:15.175: [INFO] BookmarkModelLoaded, ids_reassigned: 0
2026-09-18 10:33:15.175: [INFO] BookmarksLoadDropped droppedNodes=0
2026-09-18 10:33:15.175: [INFO] BookmarksSnapshot Startup total=0 bar=0 other=0 mobile=0 showBar=0 showBarNTP=1
2026-09-18 10:33:23.247: [INFO] BookmarksSnapshot Shutdown total=0 bar=0 other=0 mobile=0 showBar=0 showBarNTP=1
2026-09-18 10:33:32.068: [INFO] CurrentProfilePath: C:\Users\Miguel\eclipse-workspace\.metadata\.plugins\org.eclipse.swt\EBWebView\Default
2026-09-18 10:33:32.068: [INFO] Profiles total count: 1
2026-09-18 10:33:32.068: [INFO] Profile: name=Perfil 1 path=C:\Users\Miguel\eclipse-workspace\.metadata\.plugins\org.eclipse.swt\EBWebView\Default lastActive=2026-09-18T09:11:33.885Z
2026-09-18 10:33:32.068: [INFO] LastUsedProfileDir: C:\Users\Miguel\eclipse-workspace\.metadata\.plugins\org.eclipse.swt\EBWebView\Default
2026-09-18 10:33:32.068: [INFO] MostRecentlyActiveProfile: name=Perfil 1 path=C:\Users\Miguel\eclipse-workspace\.metadata\.plugins\org.eclipse.swt\EBWebView\Default lastActive=2026-09-18T09:11:33.885Z
2026-09-18 10:33:32.068: [INFO] OnDoneLoading sync enabled: 0
2026-09-18 10:33:32.068: [INFO] BookmarkModelLoaded, ids_reassigned: 0
2026-09-18 10:33:32.068: [INFO] BookmarksLoadDropped droppedNodes=0
2026-09-18 10:33:32.068: [INFO] BookmarksSnapshot Startup total=0 bar=0 other=0 mobile=0 showBar=0 showBarNTP=1
2026-09-18 10:33:44.496: [INFO] BookmarksSnapshot Shutdown total=0 bar=0 other=0 mobile=0 showBar=0 showBarNTP=1
2026-09-18 10:35:36.764: [INFO] CurrentProfilePath: C:\Users\Miguel\eclipse-workspace\.metadata\.plugins\org.eclipse.swt\EBWebView\Default
2026-09-18 10:35:36.764: [INFO] Profiles total count: 1
2026-09-18 10:35:36.764: [INFO] Profile: name=Perfil 1 path=C:\Users\Miguel\eclipse-workspace\.metadata\.plugins\org.eclipse.swt\EBWebView\Default lastActive=2026-09-18T09:11:33.885Z
2026-09-18 10:35:36.764: [INFO] LastUsedProfileDir: C:\Users\Miguel\eclipse-workspace\.metadata\.plugins\org.eclipse.swt\EBWebView\Default
2026-09-18 10:35:36.764: [INFO] MostRecentlyActiveProfile: name=Perfil 1 path=C:\Users\Miguel\eclipse-workspace\.metadata\.plugins\org.eclipse.swt\EBWebView\Default lastActive=2026-09-18T09:11:33.885Z
2026-09-18 10:35:36.764: [INFO] OnDoneLoading sync enabled: 0
2026-09-18 10:35:36.764: [INFO] BookmarkModelLoaded, ids_reassigned: 0
2026-09-18 10:35:36.764: [INFO] BookmarksLoadDropped droppedNodes=0
2026-09-18 10:35:36.764: [INFO] BookmarksSnapshot Startup total=0 bar=0 other=0 mobile=0 showBar=0 showBarNTP=1
2026-09-18 10:36:21.509: [INFO] BookmarksSnapshot Shutdown total=0 bar=0 other=0 mobile=0 showBar=0 showBarNTP=1
2026-09-18 10:38:47.009: [INFO] CurrentProfilePath: C:\Users\Miguel\eclipse-workspace\.metadata\.plugins\org.eclipse.swt\EBWebView\Default
2026-09-18 10:38:47.009: [INFO] Profiles total count: 1
2026-09-18 10:38:47.009: [INFO] Profile: name=Perfil 1 path=C:\Users\Miguel\eclipse-workspace\.metadata\.plugins\org.eclipse.swt\EBWebView\Default lastActive=2026-09-18T09:11:33.885Z
2026-09-18 10:38:47.009: [INFO] LastUsedProfileDir: C:\Users\Miguel\eclipse-workspace\.metadata\.plugins\org.eclipse.swt\EBWebView\Default
2026-09-18 10:38:47.009: [INFO] MostRecentlyActiveProfile: name=Perfil 1 path=C:\Users\Miguel\eclipse-workspace\.metadata\.plugins\org.eclipse.swt\EBWebView\Default lastActive=2026-09-18T09:11:33.885Z
2026-09-18 10:38:47.009: [INFO] OnDoneLoading sync enabled: 0
2026-09-18 10:38:47.009: [INFO] BookmarkModelLoaded, ids_reassigned: 0
2026-09-18 10:38:47.009: [INFO] BookmarksLoadDropped droppedNodes=0
2026-09-18 10:38:47.009: [INFO] BookmarksSnapshot Startup total=0 bar=0 other=0 mobile=0 showBar=0 showBarNTP=1
2026-09-18 10:43:37.922: [INFO] BookmarksSnapshot Shutdown total=0 bar=0 other=0 mobile=0 showBar=0 showBarNTP=1
2026-09-18 11:03:06.112: [INFO] CurrentProfilePath: C:\Users\Miguel\eclipse-workspace\.metadata\.plugins\org.eclipse.swt\EBWebView\Default
2026-09-18 11:03:06.112: [INFO] Profiles total count: 1
2026-09-18 11:03:06.112: [INFO] Profile: name=Perfil 1 path=C:\Users\Miguel\eclipse-workspace\.metadata\.plugins\org.eclipse.swt\EBWebView\Default lastActive=2026-09-18T09:11:33.885Z
2026-09-18 11:03:06.112: [INFO] LastUsedProfileDir: C:\Users\Miguel\eclipse-workspace\.metadata\.plugins\org.eclipse.swt\EBWebView\Default
2026-09-18 11:03:06.112: [INFO] MostRecentlyActiveProfile: name=Perfil 1 path=C:\Users\Miguel\eclipse-workspace\.metadata\.plugins\org.eclipse.swt\EBWebView\Default lastActive=2026-09-18T09:11:33.885Z
2026-09-18 11:03:06.112: [INFO] OnDoneLoading sync enabled: 0
2026-09-18 11:03:06.112: [INFO] BookmarkModelLoaded, ids_reassigned: 0
2026-09-18 11:03:06.112: [INFO] BookmarksLoadDropped droppedNodes=0
2026-09-18 11:03:06.112: [INFO] BookmarksSnapshot Startup total=0 bar=0 other=0 mobile=0 showBar=0 showBarNTP=1
2026-09-18 11:03:27.720: [INFO] BookmarksSnapshot Shutdown total=0 bar=0 other=0 mobile=0 showBar=0 showBarNTP=1
2026-09-18 11:03:35.328: [INFO] CurrentProfilePath: C:\Users\Miguel\eclipse-workspace\.metadata\.plugins\org.eclipse.swt\EBWebView\Default
2026-09-18 11:03:35.328: [INFO] Profiles total count: 1
2026-09-18 11:03:35.328: [INFO] Profile: name=Perfil 1 path=C:\Users\Miguel\eclipse-workspace\.metadata\.plugins\org.eclipse.swt\EBWebView\Default lastActive=2026-09-18T09:11:33.885Z
2026-09-18 11:03:35.328: [INFO] LastUsedProfileDir: C:\Users\Miguel\eclipse-workspace\.metadata\.plugins\org.eclipse.swt\EBWebView\Default
2026-09-18 11:03:35.328: [INFO] MostRecentlyActiveProfile: name=Perfil 1 path=C:\Users\Miguel\eclipse-workspace\.metadata\.plugins\org.eclipse.swt\EBWebView\Default lastActive=2026-09-18T09:11:33.885Z
2026-09-18 11:03:35.328: [INFO] OnDoneLoading sync enabled: 0
2026-09-18 11:03:35.328: [INFO] BookmarkModelLoaded, ids_reassigned: 0
2026-09-18 11:03:35.328: [INFO] BookmarksLoadDropped droppedNodes=0
2026-09-18 11:03:35.328: [INFO] BookmarksSnapshot Startup total=0 bar=0 other=0 mobile=0 showBar=0 showBarNTP=1
2026-09-18 11:03:52.327: [INFO] BookmarksSnapshot Shutdown total=0 bar=0 other=0 mobile=0 showBar=0 showBarNTP=1
2026-09-18 11:05:38.439: [INFO] CurrentProfilePath: C:\Users\Miguel\eclipse-workspace\.metadata\.plugins\org.eclipse.swt\EBWebView\Default
2026-09-18 11:05:38.439: [INFO] Profiles total count: 1
2026-09-18 11:05:38.439: [INFO] Profile: name=Perfil 1 path=C:\Users\Miguel\eclipse-workspace\.metadata\.plugins\org.eclipse.swt\EBWebView\Default lastActive=2026-09-18T09:11:33.885Z
2026-09-18 11:05:38.439: [INFO] LastUsedProfileDir: C:\Users\Miguel\eclipse-workspace\.metadata\.plugins\org.eclipse.swt\EBWebView\Default
2026-09-18 11:05:38.439: [INFO] MostRecentlyActiveProfile: name=Perfil 1 path=C:\Users\Miguel\eclipse-workspace\.metadata\.plugins\org.eclipse.swt\EBWebView\Default lastActive=2026-09-18T09:11:33.885Z
2026-09-18 11:05:38.439: [INFO] OnDoneLoading sync enabled: 0
2026-09-18 11:05:38.439: [INFO] BookmarkModelLoaded, ids_reassigned: 0
2026-09-18 11:05:38.439: [INFO] BookmarksLoadDropped droppedNodes=0
2026-09-18 11:05:38.439: [INFO] BookmarksSnapshot Startup total=0 bar=0 other=0 mobile=0 showBar=0 showBarNTP=1
2026-09-18 11:15:01.695: [INFO] BookmarksSnapshot Shutdown total=0 bar=0 other=0 mobile=0 showBar=0 showBarNTP=1
2026-09-21 07:58:19.026: [INFO] CurrentProfilePath: C:\Users\Miguel\eclipse-workspace\.metadata\.plugins\org.eclipse.swt\EBWebView\Default
2026-09-21 07:58:19.026: [INFO] Profiles total count: 1
2026-09-21 07:58:19.027: [INFO] Profile: name=Perfil 1 path=C:\Users\Miguel\eclipse-workspace\.metadata\.plugins\org.eclipse.swt\EBWebView\Default lastActive=2026-09-18T09:11:33.885Z
2026-09-21 07:58:19.027: [INFO] LastUsedProfileDir: C:\Users\Miguel\eclipse-workspace\.metadata\.plugins\org.eclipse.swt\EBWebView\Default
2026-09-21 07:58:19.027: [INFO] MostRecentlyActiveProfile: name=Perfil 1 path=C:\Users\Miguel\eclipse-workspace\.metadata\.plugins\org.eclipse.swt\EBWebView\Default lastActive=2026-09-18T09:11:33.885Z
2026-09-21 07:58:19.027: [INFO] OnDoneLoading sync enabled: 0
2026-09-21 07:58:19.027: [INFO] BookmarkModelLoaded, ids_reassigned: 0
2026-09-21 07:58:19.027: [INFO] BookmarksLoadDropped droppedNodes=0
2026-09-21 07:58:19.027: [INFO] BookmarksSnapshot Startup total=0 bar=0 other=0 mobile=0 showBar=0 showBarNTP=1
2026-09-21 09:18:20.886: [INFO] BookmarksSnapshot Shutdown total=0 bar=0 other=0 mobile=0 showBar=0 showBarNTP=1
2026-09-22 06:11:19.492: [INFO] CurrentProfilePath: C:\Users\Miguel\eclipse-workspace\.metadata\.plugins\org.eclipse.swt\EBWebView\Default
2026-09-22 06:11:19.492: [INFO] Profiles total count: 1
2026-09-22 06:11:19.492: [INFO] Profile: name=Perfil 1 path=C:\Users\Miguel\eclipse-workspace\.metadata\.plugins\org.eclipse.swt\EBWebView\Default lastActive=2026-09-18T09:11:33.885Z
2026-09-22 06:11:19.492: [INFO] LastUsedProfileDir: C:\Users\Miguel\eclipse-workspace\.metadata\.plugins\org.eclipse.swt\EBWebView\Default
2026-09-22 06:11:19.492: [INFO] MostRecentlyActiveProfile: name=Perfil 1 path=C:\Users\Miguel\eclipse-workspace\.metadata\.plugins\org.eclipse.swt\EBWebView\Default lastActive=2026-09-18T09:11:33.885Z
2026-09-22 06:11:19.492: [INFO] OnDoneLoading sync enabled: 0
2026-09-22 06:11:19.492: [INFO] BookmarkModelLoaded, ids_reassigned: 0
2026-09-22 06:11:19.492: [INFO] BookmarksLoadDropped droppedNodes=0
2026-09-22 06:11:19.492: [INFO] BookmarksSnapshot Startup total=0 bar=0 other=0 mobile=0 showBar=0 showBarNTP=1
2026-09-22 10:40:33.241: [INFO] BookmarksSnapshot Shutdown total=0 bar=0 other=0 mobile=0 showBar=0 showBarNTP=1
2026-09-23 11:04:49.512: [INFO] CurrentProfilePath: C:\Users\Miguel\eclipse-workspace\.metadata\.plugins\org.eclipse.swt\EBWebView\Default
2026-09-23 11:04:49.512: [INFO] Profiles total count: 1
2026-09-23 11:04:49.512: [INFO] Profile: name=Perfil 1 path=C:\Users\Miguel\eclipse-workspace\.metadata\.plugins\org.eclipse.swt\EBWebView\Default lastActive=2026-09-18T09:11:33.885Z
2026-09-23 11:04:49.512: [INFO] LastUsedProfileDir: C:\Users\Miguel\eclipse-workspace\.metadata\.plugins\org.eclipse.swt\EBWebView\Default
2026-09-23 11:04:49.512: [INFO] MostRecentlyActiveProfile: name=Perfil 1 path=C:\Users\Miguel\eclipse-workspace\.metadata\.plugins\org.eclipse.swt\EBWebView\Default lastActive=2026-09-18T09:11:33.885Z
2026-09-23 11:04:49.512: [INFO] OnDoneLoading sync enabled: 0
2026-09-23 11:04:49.512: [INFO] BookmarkModelLoaded, ids_reassigned: 0
2026-09-23 11:04:49.512: [INFO] BookmarksLoadDropped droppedNodes=0
2026-09-23 11:04:49.512: [INFO] BookmarksSnapshot Startup total=0 bar=0 other=0 mobile=0 showBar=0 showBarNTP=1
2026-09-23 12:36:44.279: [INFO] BookmarksSnapshot Shutdown total=0 bar=0 other=0 mobile=0 showBar=0 showBarNTP=1
2026-09-24 06:16:22.343: [INFO] CurrentProfilePath: C:\Users\Miguel\eclipse-workspace\.metadata\.plugins\org.eclipse.swt\EBWebView\Default
2026-09-24 06:16:22.343: [INFO] Profiles total count: 1
2026-09-24 06:16:22.343: [INFO] Profile: name=Perfil 1 path=C:\Users\Miguel\eclipse-workspace\.metadata\.plugins\org.eclipse.swt\EBWebView\Default lastActive=2026-09-18T09:11:33.885Z
2026-09-24 06:16:22.343: [INFO] LastUsedProfileDir: C:\Users\Miguel\eclipse-workspace\.metadata\.plugins\org.eclipse.swt\EBWebView\Default
2026-09-24 06:16:22.343: [INFO] MostRecentlyActiveProfile: name=Perfil 1 path=C:\Users\Miguel\eclipse-workspace\.metadata\.plugins\org.eclipse.swt\EBWebView\Default lastActive=2026-09-18T09:11:33.885Z
2026-09-24 06:16:22.343: [INFO] OnDoneLoading sync enabled: 0
2026-09-24 06:16:22.343: [INFO] BookmarkModelLoaded, ids_reassigned: 0
2026-09-24 06:16:22.343: [INFO] BookmarksLoadDropped droppedNodes=0
2026-09-24 06:16:22.343: [INFO] BookmarksSnapshot Startup total=0 bar=0 other=0 mobile=0 showBar=0 showBarNTP=1
2026-09-24 09:13:37.209: [INFO] BookmarksSnapshot Shutdown total=0 bar=0 other=0 mobile=0 showBar=0 showBarNTP=1
2026-09-25 09:11:41.562: [INFO] CurrentProfilePath: C:\Users\Miguel\eclipse-workspace\.metadata\.plugins\org.eclipse.swt\EBWebView\Default
2026-09-25 09:11:41.562: [INFO] Profiles total count: 1
2026-09-25 09:11:41.562: [INFO] Profile: name=Perfil 1 path=C:\Users\Miguel\eclipse-workspace\.metadata\.plugins\org.eclipse.swt\EBWebView\Default lastActive=2026-09-24T06:16:40.032Z
2026-09-25 09:11:41.562: [INFO] LastUsedProfileDir: C:\Users\Miguel\eclipse-workspace\.metadata\.plugins\org.eclipse.swt\EBWebView\Default
2026-09-25 09:11:41.562: [INFO] MostRecentlyActiveProfile: name=Perfil 1 path=C:\Users\Miguel\eclipse-workspace\.metadata\.plugins\org.eclipse.swt\EBWebView\Default lastActive=2026-09-24T06:16:40.032Z
2026-09-25 09:11:41.562: [INFO] OnDoneLoading sync enabled: 0
2026-09-25 09:11:41.562: [INFO] BookmarkModelLoaded, ids_reassigned: 0
2026-09-25 09:11:41.562: [INFO] BookmarksLoadDropped droppedNodes=0
2026-09-25 09:11:41.562: [INFO] BookmarksSnapshot Startup total=0 bar=0 other=0 mobile=0 showBar=0 showBarNTP=1
2026-09-25 09:22:27.721: [INFO] BookmarksSnapshot Shutdown total=0 bar=0 other=0 mobile=0 showBar=0 showBarNTP=1
2026-09-25 09:30:34.977: [INFO] CurrentProfilePath: C:\Users\Miguel\eclipse-workspace\.metadata\.plugins\org.eclipse.swt\EBWebView\Default
2026-09-25 09:30:34.977: [INFO] Profiles total count: 1
2026-09-25 09:30:34.978: [INFO] Profile: name=Perfil 1 path=C:\Users\Miguel\eclipse-workspace\.metadata\.plugins\org.eclipse.swt\EBWebView\Default lastActive=2026-09-25T09:15:37.819Z
2026-09-25 09:30:34.978: [INFO] LastUsedProfileDir: C:\Users\Miguel\eclipse-workspace\.metadata\.plugins\org.eclipse.swt\EBWebView\Default
2026-09-25 09:30:34.978: [INFO] MostRecentlyActiveProfile: name=Perfil 1 path=C:\Users\Miguel\eclipse-workspace\.metadata\.plugins\org.eclipse.swt\EBWebView\Default lastActive=2026-09-25T09:15:37.819Z
2026-09-25 09:30:34.978: [INFO] OnDoneLoading sync enabled: 0
2026-09-25 09:30:34.978: [INFO] BookmarkModelLoaded, ids_reassigned: 0
2026-09-25 09:30:34.978: [INFO] BookmarksLoadDropped droppedNodes=0
2026-09-25 09:30:34.978: [INFO] BookmarksSnapshot Startup total=0 bar=0 other=0 mobile=0 showBar=0 showBarNTP=1
2026-09-25 09:31:45.662: [INFO] BookmarksSnapshot Shutdown total=0 bar=0 other=0 mobile=0 showBar=0 showBarNTP=1
2026-09-25 09:33:35.180: [INFO] CurrentProfilePath: C:\Users\Miguel\eclipse-workspace\.metadata\.plugins\org.eclipse.swt\EBWebView\Default
2026-09-25 09:33:35.180: [INFO] Profiles total count: 1
2026-09-25 09:33:35.180: [INFO] Profile: name=Perfil 1 path=C:\Users\Miguel\eclipse-workspace\.metadata\.plugins\org.eclipse.swt\EBWebView\Default lastActive=2026-09-25T09:15:37.819Z
2026-09-25 09:33:35.180: [INFO] LastUsedProfileDir: C:\Users\Miguel\eclipse-workspace\.metadata\.plugins\org.eclipse.swt\EBWebView\Default
2026-09-25 09:33:35.180: [INFO] MostRecentlyActiveProfile: name=Perfil 1 path=C:\Users\Miguel\eclipse-workspace\.metadata\.plugins\org.eclipse.swt\EBWebView\Default lastActive=2026-09-25T09:15:37.819Z
2026-09-25 09:33:35.180: [INFO] OnDoneLoading sync enabled: 0
2026-09-25 09:33:35.180: [INFO] BookmarkModelLoaded, ids_reassigned: 0
2026-09-25 09:33:35.180: [INFO] BookmarksLoadDropped droppedNodes=0
2026-09-25 09:33:35.180: [INFO] BookmarksSnapshot Startup total=0 bar=0 other=0 mobile=0 showBar=0 showBarNTP=1
2026-09-25 09:36:55.915: [INFO] BookmarksSnapshot Shutdown total=0 bar=0 other=0 mobile=0 showBar=0 showBarNTP=1
2026-09-25 09:39:47.060: [INFO] CurrentProfilePath: C:\Users\Miguel\eclipse-workspace\.metadata\.plugins\org.eclipse.swt\EBWebView\Default
2026-09-25 09:39:47.060: [INFO] Profiles total count: 1
2026-09-25 09:39:47.060: [INFO] Profile: name=Perfil 1 path=C:\Users\Miguel\eclipse-workspace\.metadata\.plugins\org.eclipse.swt\EBWebView\Default lastActive=2026-09-25T09:15:37.819Z
2026-09-25 09:39:47.060: [INFO] LastUsedProfileDir: C:\Users\Miguel\eclipse-workspace\.metadata\.plugins\org.eclipse.swt\EBWebView\Default
2026-09-25 09:39:47.060: [INFO] MostRecentlyActiveProfile: name=Perfil 1 path=C:\Users\Miguel\eclipse-workspace\.metadata\.plugins\org.eclipse.swt\EBWebView\Default lastActive=2026-09-25T09:15:37.819Z
2026-09-25 09:39:47.060: [INFO] OnDoneLoading sync enabled: 0
2026-09-25 09:39:47.060: [INFO] BookmarkModelLoaded, ids_reassigned: 0
2026-09-25 09:39:47.060: [INFO] BookmarksLoadDropped droppedNodes=0
2026-09-25 09:39:47.060: [INFO] BookmarksSnapshot Startup total=0 bar=0 other=0 mobile=0 showBar=0 showBarNTP=1
2026-09-25 09:46:13.566: [INFO] BookmarksSnapshot Shutdown total=0 bar=0 other=0 mobile=0 showBar=0 showBarNTP=1
2026-09-25 09:46:13.620: [INFO] CurrentProfilePath: C:\Users\Miguel\eclipse-workspace\.metadata\.plugins\org.eclipse.swt\EBWebView\Default
2026-09-25 09:46:13.620: [INFO] Profiles total count: 1
2026-09-25 09:46:13.620: [INFO] Profile: name=Perfil 1 path=C:\Users\Miguel\eclipse-workspace\.metadata\.plugins\org.eclipse.swt\EBWebView\Default lastActive=2026-09-25T09:15:37.819Z
2026-09-25 09:46:13.620: [INFO] LastUsedProfileDir: C:\Users\Miguel\eclipse-workspace\.metadata\.plugins\org.eclipse.swt\EBWebView\Default
2026-09-25 09:46:13.620: [INFO] MostRecentlyActiveProfile: name=Perfil 1 path=C:\Users\Miguel\eclipse-workspace\.metadata\.plugins\org.eclipse.swt\EBWebView\Default lastActive=2026-09-25T09:15:37.819Z
2026-09-25 09:46:13.620: [INFO] OnDoneLoading sync enabled: 0
2026-09-25 09:46:13.620: [INFO] BookmarkModelLoaded, ids_reassigned: 0
2026-09-25 09:46:13.620: [INFO] BookmarksLoadDropped droppedNodes=0
2026-09-25 09:46:13.620: [INFO] BookmarksSnapshot Startup total=0 bar=0 other=0 mobile=0 showBar=0 showBarNTP=1
2026-09-25 09:49:24.978: [INFO] BookmarksSnapshot Shutdown total=0 bar=0 other=0 mobile=0 showBar=0 showBarNTP=1
2026-09-25 09:49:25.036: [INFO] CurrentProfilePath: C:\Users\Miguel\eclipse-workspace\.metadata\.plugins\org.eclipse.swt\EBWebView\Default
2026-09-25 09:49:25.036: [INFO] Profiles total count: 1
2026-09-25 09:49:25.036: [INFO] Profile: name=Perfil 1 path=C:\Users\Miguel\eclipse-workspace\.metadata\.plugins\org.eclipse.swt\EBWebView\Default lastActive=2026-09-25T09:15:37.819Z
2026-09-25 09:49:25.036: [INFO] LastUsedProfileDir: C:\Users\Miguel\eclipse-workspace\.metadata\.plugins\org.eclipse.swt\EBWebView\Default
2026-09-25 09:49:25.036: [INFO] MostRecentlyActiveProfile: name=Perfil 1 path=C:\Users\Miguel\eclipse-workspace\.metadata\.plugins\org.eclipse.swt\EBWebView\Default lastActive=2026-09-25T09:15:37.819Z
2026-09-25 09:49:25.036: [INFO] OnDoneLoading sync enabled: 0
2026-09-25 09:49:25.036: [INFO] BookmarkModelLoaded, ids_reassigned: 0
2026-09-25 09:49:25.036: [INFO] BookmarksLoadDropped droppedNodes=0
2026-09-25 09:49:25.036: [INFO] BookmarksSnapshot Startup total=0 bar=0 other=0 mobile=0 showBar=0 showBarNTP=1
2026-09-25 10:05:30.274: [INFO] BookmarksSnapshot Shutdown total=0 bar=0 other=0 mobile=0 showBar=0 showBarNTP=1
2026-09-25 10:18:26.762: [INFO] CurrentProfilePath: C:\Users\Miguel\eclipse-workspace\.metadata\.plugins\org.eclipse.swt\EBWebView\Default
2026-09-25 10:18:26.762: [INFO] Profiles total count: 1
2026-09-25 10:18:26.762: [INFO] Profile: name=Perfil 1 path=C:\Users\Miguel\eclipse-workspace\.metadata\.plugins\org.eclipse.swt\EBWebView\Default lastActive=2026-09-25T09:15:37.819Z
2026-09-25 10:18:26.762: [INFO] LastUsedProfileDir: C:\Users\Miguel\eclipse-workspace\.metadata\.plugins\org.eclipse.swt\EBWebView\Default
2026-09-25 10:18:26.762: [INFO] MostRecentlyActiveProfile: name=Perfil 1 path=C:\Users\Miguel\eclipse-workspace\.metadata\.plugins\org.eclipse.swt\EBWebView\Default lastActive=2026-09-25T09:15:37.819Z
2026-09-25 10:18:26.762: [INFO] OnDoneLoading sync enabled: 0
2026-09-25 10:18:26.762: [INFO] BookmarkModelLoaded, ids_reassigned: 0
2026-09-25 10:18:26.762: [INFO] BookmarksLoadDropped droppedNodes=0
2026-09-25 10:18:26.762: [INFO] BookmarksSnapshot Startup total=0 bar=0 other=0 mobile=0 showBar=0 showBarNTP=1
2026-09-25 10:18:29.552: [INFO] BookmarksSnapshot Shutdown total=0 bar=0 other=0 mobile=0 showBar=0 showBarNTP=1
2026-09-25 10:24:14.558: [INFO] CurrentProfilePath: C:\Users\Miguel\eclipse-workspace\.metadata\.plugins\org.eclipse.swt\EBWebView\Default
2026-09-25 10:24:14.558: [INFO] Profiles total count: 1
2026-09-25 10:24:14.558: [INFO] Profile: name=Perfil 1 path=C:\Users\Miguel\eclipse-workspace\.metadata\.plugins\org.eclipse.swt\EBWebView\Default lastActive=2026-09-25T09:15:37.819Z
2026-09-25 10:24:14.558: [INFO] LastUsedProfileDir: C:\Users\Miguel\eclipse-workspace\.metadata\.plugins\org.eclipse.swt\EBWebView\Default
2026-09-25 10:24:14.558: [INFO] MostRecentlyActiveProfile: name=Perfil 1 path=C:\Users\Miguel\eclipse-workspace\.metadata\.plugins\org.eclipse.swt\EBWebView\Default lastActive=2026-09-25T09:15:37.819Z
2026-09-25 10:24:14.558: [INFO] OnDoneLoading sync enabled: 0
2026-09-25 10:24:14.558: [INFO] BookmarkModelLoaded, ids_reassigned: 0
2026-09-25 10:24:14.558: [INFO] BookmarksLoadDropped droppedNodes=0
2026-09-25 10:24:14.558: [INFO] BookmarksSnapshot Startup total=0 bar=0 other=0 mobile=0 showBar=0 showBarNTP=1
2026-09-25 11:08:18.591: [INFO] BookmarksSnapshot Shutdown total=0 bar=0 other=0 mobile=0 showBar=0 showBarNTP=1
2026-09-28 08:09:03.252: [INFO] CurrentProfilePath: C:\Users\Miguel\eclipse-workspace\.metadata\.plugins\org.eclipse.swt\EBWebView\Default
2026-09-28 08:09:03.252: [INFO] Profiles total count: 1
2026-09-28 08:09:03.253: [INFO] Profile: name=Perfil 1 path=C:\Users\Miguel\eclipse-workspace\.metadata\.plugins\org.eclipse.swt\EBWebView\Default lastActive=2026-09-25T09:15:37.819Z
2026-09-28 08:09:03.253: [INFO] LastUsedProfileDir: C:\Users\Miguel\eclipse-workspace\.metadata\.plugins\org.eclipse.swt\EBWebView\Default
2026-09-28 08:09:03.253: [INFO] MostRecentlyActiveProfile: name=Perfil 1 path=C:\Users\Miguel\eclipse-workspace\.metadata\.plugins\org.eclipse.swt\EBWebView\Default lastActive=2026-09-25T09:15:37.819Z
2026-09-28 08:09:03.253: [INFO] OnDoneLoading sync enabled: 0
2026-09-28 08:09:03.253: [INFO] BookmarkModelLoaded, ids_reassigned: 0
2026-09-28 08:09:03.253: [INFO] BookmarksLoadDropped droppedNodes=0
2026-09-28 08:09:03.253: [INFO] BookmarksSnapshot Startup total=0 bar=0 other=0 mobile=0 showBar=0 showBarNTP=1
2026-09-28 09:09:08.512: [INFO] BookmarksSnapshot Shutdown total=0 bar=0 other=0 mobile=0 showBar=0 showBarNTP=1
2026-09-29 06:25:36.361: [INFO] CurrentProfilePath: C:\Users\Miguel\eclipse-workspace\.metadata\.plugins\org.eclipse.swt\EBWebView\Default
2026-09-29 06:25:36.361: [INFO] Profiles total count: 1
2026-09-29 06:25:36.362: [INFO] Profile: name=Perfil 1 path=C:\Users\Miguel\eclipse-workspace\.metadata\.plugins\org.eclipse.swt\EBWebView\Default lastActive=2026-09-25T09:15:37.819Z
2026-09-29 06:25:36.362: [INFO] LastUsedProfileDir: C:\Users\Miguel\eclipse-workspace\.metadata\.plugins\org.eclipse.swt\EBWebView\Default
2026-09-29 06:25:36.362: [INFO] MostRecentlyActiveProfile: name=Perfil 1 path=C:\Users\Miguel\eclipse-workspace\.metadata\.plugins\org.eclipse.swt\EBWebView\Default lastActive=2026-09-25T09:15:37.819Z
2026-09-29 06:25:36.362: [INFO] OnDoneLoading sync enabled: 0
2026-09-29 06:25:36.362: [INFO] BookmarkModelLoaded, ids_reassigned: 0
2026-09-29 06:25:36.362: [INFO] BookmarksLoadDropped droppedNodes=0
2026-09-29 06:25:36.362: [INFO] BookmarksSnapshot Startup total=0 bar=0 other=0 mobile=0 showBar=0 showBarNTP=1
2026-09-29 06:25:38.648: [INFO] BookmarksSnapshot Shutdown total=0 bar=0 other=0 mobile=0 showBar=0 showBarNTP=1
2026-09-29 06:27:49.192: [INFO] CurrentProfilePath: C:\Users\Miguel\eclipse-workspace\.metadata\.plugins\org.eclipse.swt\EBWebView\Default
2026-09-29 06:27:49.192: [INFO] Profiles total count: 1
2026-09-29 06:27:49.192: [INFO] Profile: name=Perfil 1 path=C:\Users\Miguel\eclipse-workspace\.metadata\.plugins\org.eclipse.swt\EBWebView\Default lastActive=2026-09-25T09:15:37.819Z
2026-09-29 06:27:49.192: [INFO] LastUsedProfileDir: C:\Users\Miguel\eclipse-workspace\.metadata\.plugins\org.eclipse.swt\EBWebView\Default
2026-09-29 06:27:49.192: [INFO] MostRecentlyActiveProfile: name=Perfil 1 path=C:\Users\Miguel\eclipse-workspace\.metadata\.plugins\org.eclipse.swt\EBWebView\Default lastActive=2026-09-25T09:15:37.819Z
2026-09-29 06:27:49.192: [INFO] OnDoneLoading sync enabled: 0
2026-09-29 06:27:49.192: [INFO] BookmarkModelLoaded, ids_reassigned: 0
2026-09-29 06:27:49.192: [INFO] BookmarksLoadDropped droppedNodes=0
2026-09-29 06:27:49.192: [INFO] BookmarksSnapshot Startup total=0 bar=0 other=0 mobile=0 showBar=0 showBarNTP=1
2026-09-29 06:27:54.745: [INFO] BookmarksSnapshot Shutdown total=0 bar=0 other=0 mobile=0 showBar=0 showBarNTP=1
2026-09-29 06:47:42.097: [INFO] CurrentProfilePath: C:\Users\Miguel\eclipse-workspace\.metadata\.plugins\org.eclipse.swt\EBWebView\Default
2026-09-29 06:47:42.097: [INFO] Profiles total count: 1
2026-09-29 06:47:42.097: [INFO] Profile: name=Perfil 1 path=C:\Users\Miguel\eclipse-workspace\.metadata\.plugins\org.eclipse.swt\EBWebView\Default lastActive=2026-09-29T06:27:49.942Z
2026-09-29 06:47:42.097: [INFO] LastUsedProfileDir: C:\Users\Miguel\eclipse-workspace\.metadata\.plugins\org.eclipse.swt\EBWebView\Default
2026-09-29 06:47:42.097: [INFO] MostRecentlyActiveProfile: name=Perfil 1 path=C:\Users\Miguel\eclipse-workspace\.metadata\.plugins\org.eclipse.swt\EBWebView\Default lastActive=2026-09-29T06:27:49.942Z
2026-09-29 06:47:42.097: [INFO] OnDoneLoading sync enabled: 0
2026-09-29 06:47:42.097: [INFO] BookmarkModelLoaded, ids_reassigned: 0
2026-09-29 06:47:42.097: [INFO] BookmarksLoadDropped droppedNodes=0
2026-09-29 06:47:42.097: [INFO] BookmarksSnapshot Startup total=0 bar=0 other=0 mobile=0 showBar=0 showBarNTP=1
2026-09-29 07:48:51.924: [INFO] BookmarksSnapshot Shutdown total=0 bar=0 other=0 mobile=0 showBar=0 showBarNTP=1
2026-09-29 07:50:56.803: [INFO] CurrentProfilePath: C:\Users\Miguel\eclipse-workspace\.metadata\.plugins\org.eclipse.swt\EBWebView\Default
2026-09-29 07:50:56.803: [INFO] Profiles total count: 1
2026-09-29 07:50:56.803: [INFO] Profile: name=Perfil 1 path=C:\Users\Miguel\eclipse-workspace\.metadata\.plugins\org.eclipse.swt\EBWebView\Default lastActive=2026-09-29T06:27:49.942Z
2026-09-29 07:50:56.803: [INFO] LastUsedProfileDir: C:\Users\Miguel\eclipse-workspace\.metadata\.plugins\org.eclipse.swt\EBWebView\Default
2026-09-29 07:50:56.803: [INFO] MostRecentlyActiveProfile: name=Perfil 1 path=C:\Users\Miguel\eclipse-workspace\.metadata\.plugins\org.eclipse.swt\EBWebView\Default lastActive=2026-09-29T06:27:49.942Z
2026-09-29 07:50:56.803: [INFO] OnDoneLoading sync enabled: 0
2026-09-29 07:50:56.803: [INFO] BookmarkModelLoaded, ids_reassigned: 0
2026-09-29 07:50:56.803: [INFO] BookmarksLoadDropped droppedNodes=0
2026-09-29 07:50:56.803: [INFO] BookmarksSnapshot Startup total=0 bar=0 other=0 mobile=0 showBar=0 showBarNTP=1
2026-09-29 07:51:47.766: [INFO] BookmarksSnapshot Shutdown total=0 bar=0 other=0 mobile=0 showBar=0 showBarNTP=1
2026-09-29 07:52:03.920: [INFO] CurrentProfilePath: C:\Users\Miguel\eclipse-workspace\.metadata\.plugins\org.eclipse.swt\EBWebView\Default
2026-09-29 07:52:03.920: [INFO] Profiles total count: 1
2026-09-29 07:52:03.920: [INFO] Profile: name=Perfil 1 path=C:\Users\Miguel\eclipse-workspace\.metadata\.plugins\org.eclipse.swt\EBWebView\Default lastActive=2026-09-29T06:27:49.942Z
2026-09-29 07:52:03.920: [INFO] LastUsedProfileDir: C:\Users\Miguel\eclipse-workspace\.metadata\.plugins\org.eclipse.swt\EBWebView\Default
2026-09-29 07:52:03.920: [INFO] MostRecentlyActiveProfile: name=Perfil 1 path=C:\Users\Miguel\eclipse-workspace\.metadata\.plugins\org.eclipse.swt\EBWebView\Default lastActive=2026-09-29T06:27:49.942Z
2026-09-29 07:52:03.920: [INFO] OnDoneLoading sync enabled: 0
2026-09-29 07:52:03.920: [INFO] BookmarkModelLoaded, ids_reassigned: 0
2026-09-29 07:52:03.920: [INFO] BookmarksLoadDropped droppedNodes=0
2026-09-29 07:52:03.920: [INFO] BookmarksSnapshot Startup total=0 bar=0 other=0 mobile=0 showBar=0 showBarNTP=1
2026-09-29 07:56:07.568: [INFO] BookmarksSnapshot Shutdown total=0 bar=0 other=0 mobile=0 showBar=0 showBarNTP=1
2026-09-29 08:08:48.753: [INFO] CurrentProfilePath: C:\Users\Miguel\eclipse-workspace\.metadata\.plugins\org.eclipse.swt\EBWebView\Default
2026-09-29 08:08:48.753: [INFO] Profiles total count: 1
2026-09-29 08:08:48.754: [INFO] Profile: name=Perfil 1 path=C:\Users\Miguel\eclipse-workspace\.metadata\.plugins\org.eclipse.swt\EBWebView\Default lastActive=2026-09-29T06:27:49.942Z
2026-09-29 08:08:48.754: [INFO] LastUsedProfileDir: C:\Users\Miguel\eclipse-workspace\.metadata\.plugins\org.eclipse.swt\EBWebView\Default
2026-09-29 08:08:48.754: [INFO] MostRecentlyActiveProfile: name=Perfil 1 path=C:\Users\Miguel\eclipse-workspace\.metadata\.plugins\org.eclipse.swt\EBWebView\Default lastActive=2026-09-29T06:27:49.942Z
2026-09-29 08:08:48.754: [INFO] OnDoneLoading sync enabled: 0
2026-09-29 08:08:48.754: [INFO] BookmarkModelLoaded, ids_reassigned: 0
2026-09-29 08:08:48.754: [INFO] BookmarksLoadDropped droppedNodes=0
2026-09-29 08:08:48.754: [INFO] BookmarksSnapshot Startup total=0 bar=0 other=0 mobile=0 showBar=0 showBarNTP=1
2026-09-29 08:14:48.506: [INFO] BookmarksSnapshot Shutdown total=0 bar=0 other=0 mobile=0 showBar=0 showBarNTP=1
2026-09-29 08:18:41.160: [INFO] CurrentProfilePath: C:\Users\Miguel\eclipse-workspace\.metadata\.plugins\org.eclipse.swt\EBWebView\Default
2026-09-29 08:18:41.160: [INFO] Profiles total count: 1
2026-09-29 08:18:41.160: [INFO] Profile: name=Perfil 1 path=C:\Users\Miguel\eclipse-workspace\.metadata\.plugins\org.eclipse.swt\EBWebView\Default lastActive=2026-09-29T06:27:49.942Z
2026-09-29 08:18:41.160: [INFO] LastUsedProfileDir: C:\Users\Miguel\eclipse-workspace\.metadata\.plugins\org.eclipse.swt\EBWebView\Default
2026-09-29 08:18:41.160: [INFO] MostRecentlyActiveProfile: name=Perfil 1 path=C:\Users\Miguel\eclipse-workspace\.metadata\.plugins\org.eclipse.swt\EBWebView\Default lastActive=2026-09-29T06:27:49.942Z
2026-09-29 08:18:41.160: [INFO] OnDoneLoading sync enabled: 0
2026-09-29 08:18:41.160: [INFO] BookmarkModelLoaded, ids_reassigned: 0
2026-09-29 08:18:41.160: [INFO] BookmarksLoadDropped droppedNodes=0
2026-09-29 08:18:41.160: [INFO] BookmarksSnapshot Startup total=0 bar=0 other=0 mobile=0 showBar=0 showBarNTP=1
2026-09-29 08:25:40.902: [INFO] BookmarksSnapshot Shutdown total=0 bar=0 other=0 mobile=0 showBar=0 showBarNTP=1
2026-09-30 10:47:45.233: [INFO] CurrentProfilePath: C:\Users\Miguel\eclipse-workspace\.metadata\.plugins\org.eclipse.swt\EBWebView\Default
2026-09-30 10:47:45.233: [INFO] Profiles total count: 1
2026-09-30 10:47:45.234: [INFO] Profile: name=Perfil 1 path=C:\Users\Miguel\eclipse-workspace\.metadata\.plugins\org.eclipse.swt\EBWebView\Default lastActive=2026-09-29T06:27:49.942Z
2026-09-30 10:47:45.234: [INFO] LastUsedProfileDir: C:\Users\Miguel\eclipse-workspace\.metadata\.plugins\org.eclipse.swt\EBWebView\Default
2026-09-30 10:47:45.234: [INFO] MostRecentlyActiveProfile: name=Perfil 1 path=C:\Users\Miguel\eclipse-workspace\.metadata\.plugins\org.eclipse.swt\EBWebView\Default lastActive=2026-09-29T06:27:49.942Z
2026-09-30 10:47:45.234: [INFO] OnDoneLoading sync enabled: 0
2026-09-30 10:47:45.234: [INFO] BookmarkModelLoaded, ids_reassigned: 0
2026-09-30 10:47:45.234: [INFO] BookmarksLoadDropped droppedNodes=0
2026-09-30 10:47:45.234: [INFO] BookmarksSnapshot Startup total=0 bar=0 other=0 mobile=0 showBar=0 showBarNTP=1
2026-09-30 10:56:49.637: [INFO] BookmarksSnapshot Shutdown total=0 bar=0 other=0 mobile=0 showBar=0 showBarNTP=1
2026-09-30 11:03:49.111: [INFO] CurrentProfilePath: C:\Users\Miguel\eclipse-workspace\.metadata\.plugins\org.eclipse.swt\EBWebView\Default
2026-09-30 11:03:49.111: [INFO] Profiles total count: 1
2026-09-30 11:03:49.111: [INFO] Profile: name=Perfil 1 path=C:\Users\Miguel\eclipse-workspace\.metadata\.plugins\org.eclipse.swt\EBWebView\Default lastActive=2026-09-29T06:27:49.942Z
2026-09-30 11:03:49.111: [INFO] LastUsedProfileDir: C:\Users\Miguel\eclipse-workspace\.metadata\.plugins\org.eclipse.swt\EBWebView\Default
2026-09-30 11:03:49.111: [INFO] MostRecentlyActiveProfile: name=Perfil 1 path=C:\Users\Miguel\eclipse-workspace\.metadata\.plugins\org.eclipse.swt\EBWebView\Default lastActive=2026-09-29T06:27:49.942Z
2026-09-30 11:03:49.111: [INFO] OnDoneLoading sync enabled: 0
2026-09-30 11:03:49.111: [INFO] BookmarkModelLoaded, ids_reassigned: 0
2026-09-30 11:03:49.111: [INFO] BookmarksLoadDropped droppedNodes=0
2026-09-30 11:03:49.111: [INFO] BookmarksSnapshot Startup total=0 bar=0 other=0 mobile=0 showBar=0 showBarNTP=1
2026-09-30 11:11:45.998: [INFO] BookmarksSnapshot Shutdown total=0 bar=0 other=0 mobile=0 showBar=0 showBarNTP=1
2026-09-30 11:16:49.885: [INFO] CurrentProfilePath: C:\Users\Miguel\eclipse-workspace\.metadata\.plugins\org.eclipse.swt\EBWebView\Default
2026-09-30 11:16:49.885: [INFO] Profiles total count: 1
2026-09-30 11:16:49.885: [INFO] Profile: name=Perfil 1 path=C:\Users\Miguel\eclipse-workspace\.metadata\.plugins\org.eclipse.swt\EBWebView\Default lastActive=2026-09-29T06:27:49.942Z
2026-09-30 11:16:49.885: [INFO] LastUsedProfileDir: C:\Users\Miguel\eclipse-workspace\.metadata\.plugins\org.eclipse.swt\EBWebView\Default
2026-09-30 11:16:49.885: [INFO] MostRecentlyActiveProfile: name=Perfil 1 path=C:\Users\Miguel\eclipse-workspace\.metadata\.plugins\org.eclipse.swt\EBWebView\Default lastActive=2026-09-29T06:27:49.942Z
2026-09-30 11:16:49.885: [INFO] OnDoneLoading sync enabled: 0
2026-09-30 11:16:49.885: [INFO] BookmarkModelLoaded, ids_reassigned: 0
2026-09-30 11:16:49.885: [INFO] BookmarksLoadDropped droppedNodes=0
2026-09-30 11:16:49.885: [INFO] BookmarksSnapshot Startup total=0 bar=0 other=0 mobile=0 showBar=0 showBarNTP=1
2026-09-30 11:32:43.314: [INFO] BookmarksSnapshot Shutdown total=0 bar=0 other=0 mobile=0 showBar=0 showBarNTP=1
2026-09-30 11:34:20.289: [INFO] CurrentProfilePath: C:\Users\Miguel\eclipse-workspace\.metadata\.plugins\org.eclipse.swt\EBWebView\Default
2026-09-30 11:34:20.289: [INFO] Profiles total count: 1
2026-09-30 11:34:20.289: [INFO] Profile: name=Perfil 1 path=C:\Users\Miguel\eclipse-workspace\.metadata\.plugins\org.eclipse.swt\EBWebView\Default lastActive=2026-09-29T06:27:49.942Z
2026-09-30 11:34:20.289: [INFO] LastUsedProfileDir: C:\Users\Miguel\eclipse-workspace\.metadata\.plugins\org.eclipse.swt\EBWebView\Default
2026-09-30 11:34:20.289: [INFO] MostRecentlyActiveProfile: name=Perfil 1 path=C:\Users\Miguel\eclipse-workspace\.metadata\.plugins\org.eclipse.swt\EBWebView\Default lastActive=2026-09-29T06:27:49.942Z
2026-09-30 11:34:20.289: [INFO] OnDoneLoading sync enabled: 0
2026-09-30 11:34:20.289: [INFO] BookmarkModelLoaded, ids_reassigned: 0
2026-09-30 11:34:20.289: [INFO] BookmarksLoadDropped droppedNodes=0
2026-09-30 11:34:20.289: [INFO] BookmarksSnapshot Startup total=0 bar=0 other=0 mobile=0 showBar=0 showBarNTP=1
2026-09-30 11:51:12.202: [INFO] BookmarksSnapshot Shutdown total=0 bar=0 other=0 mobile=0 showBar=0 showBarNTP=1
2026-09-30 12:06:21.759: [INFO] CurrentProfilePath: C:\Users\Miguel\eclipse-workspace\.metadata\.plugins\org.eclipse.swt\EBWebView\Default
2026-09-30 12:06:21.759: [INFO] Profiles total count: 1
2026-09-30 12:06:21.759: [INFO] Profile: name=Perfil 1 path=C:\Users\Miguel\eclipse-workspace\.metadata\.plugins\org.eclipse.swt\EBWebView\Default lastActive=2026-09-29T06:27:49.942Z
2026-09-30 12:06:21.759: [INFO] LastUsedProfileDir: C:\Users\Miguel\eclipse-workspace\.metadata\.plugins\org.eclipse.swt\EBWebView\Default
2026-09-30 12:06:21.759: [INFO] MostRecentlyActiveProfile: name=Perfil 1 path=C:\Users\Miguel\eclipse-workspace\.metadata\.plugins\org.eclipse.swt\EBWebView\Default lastActive=2026-09-29T06:27:49.942Z
2026-09-30 12:06:21.759: [INFO] OnDoneLoading sync enabled: 0
2026-09-30 12:06:21.759: [INFO] BookmarkModelLoaded, ids_reassigned: 0
2026-09-30 12:06:21.759: [INFO] BookmarksLoadDropped droppedNodes=0
2026-09-30 12:06:21.759: [INFO] BookmarksSnapshot Startup total=0 bar=0 other=0 mobile=0 showBar=0 showBarNTP=1
2026-09-30 12:08:36.650: [INFO] BookmarksSnapshot Shutdown total=0 bar=0 other=0 mobile=0 showBar=0 showBarNTP=1
2026-09-30 12:08:39.288: [INFO] CurrentProfilePath: C:\Users\Miguel\eclipse-workspace\.metadata\.plugins\org.eclipse.swt\EBWebView\Default
2026-09-30 12:08:39.288: [INFO] Profiles total count: 1
2026-09-30 12:08:39.289: [INFO] Profile: name=Perfil 1 path=C:\Users\Miguel\eclipse-workspace\.metadata\.plugins\org.eclipse.swt\EBWebView\Default lastActive=2026-09-29T06:27:49.942Z
2026-09-30 12:08:39.289: [INFO] LastUsedProfileDir: C:\Users\Miguel\eclipse-workspace\.metadata\.plugins\org.eclipse.swt\EBWebView\Default
2026-09-30 12:08:39.289: [INFO] MostRecentlyActiveProfile: name=Perfil 1 path=C:\Users\Miguel\eclipse-workspace\.metadata\.plugins\org.eclipse.swt\EBWebView\Default lastActive=2026-09-29T06:27:49.942Z
2026-09-30 12:08:39.289: [INFO] OnDoneLoading sync enabled: 0
2026-09-30 12:08:39.289: [INFO] BookmarkModelLoaded, ids_reassigned: 0
2026-09-30 12:08:39.289: [INFO] BookmarksLoadDropped droppedNodes=0
2026-09-30 12:08:39.289: [INFO] BookmarksSnapshot Startup total=0 bar=0 other=0 mobile=0 showBar=0 showBarNTP=1
2026-09-30 12:09:18.038: [INFO] BookmarksSnapshot Shutdown total=0 bar=0 other=0 mobile=0 showBar=0 showBarNTP=1
2026-09-30 12:11:48.140: [INFO] CurrentProfilePath: C:\Users\Miguel\eclipse-workspace\.metadata\.plugins\org.eclipse.swt\EBWebView\Default
2026-09-30 12:11:48.140: [INFO] Profiles total count: 1
2026-09-30 12:11:48.140: [INFO] Profile: name=Perfil 1 path=C:\Users\Miguel\eclipse-workspace\.metadata\.plugins\org.eclipse.swt\EBWebView\Default lastActive=2026-09-29T06:27:49.942Z
2026-09-30 12:11:48.140: [INFO] LastUsedProfileDir: C:\Users\Miguel\eclipse-workspace\.metadata\.plugins\org.eclipse.swt\EBWebView\Default
2026-09-30 12:11:48.140: [INFO] MostRecentlyActiveProfile: name=Perfil 1 path=C:\Users\Miguel\eclipse-workspace\.metadata\.plugins\org.eclipse.swt\EBWebView\Default lastActive=2026-09-29T06:27:49.942Z
2026-09-30 12:11:48.140: [INFO] OnDoneLoading sync enabled: 0
2026-09-30 12:11:48.140: [INFO] BookmarkModelLoaded, ids_reassigned: 0
2026-09-30 12:11:48.140: [INFO] BookmarksLoadDropped droppedNodes=0
2026-09-30 12:11:48.140: [INFO] BookmarksSnapshot Startup total=0 bar=0 other=0 mobile=0 showBar=0 showBarNTP=1
2026-09-30 12:35:35.049: [INFO] BookmarksSnapshot Shutdown total=0 bar=0 other=0 mobile=0 showBar=0 showBarNTP=1
2026-10-01 06:30:43.373: [INFO] CurrentProfilePath: C:\Users\Miguel\eclipse-workspace\.metadata\.plugins\org.eclipse.swt\EBWebView\Default
2026-10-01 06:30:43.373: [INFO] Profiles total count: 1
2026-10-01 06:30:43.374: [INFO] Profile: name=Perfil 1 path=C:\Users\Miguel\eclipse-workspace\.metadata\.plugins\org.eclipse.swt\EBWebView\Default lastActive=2026-09-29T06:27:49.942Z
2026-10-01 06:30:43.374: [INFO] LastUsedProfileDir: C:\Users\Miguel\eclipse-workspace\.metadata\.plugins\org.eclipse.swt\EBWebView\Default
2026-10-01 06:30:43.374: [INFO] MostRecentlyActiveProfile: name=Perfil 1 path=C:\Users\Miguel\eclipse-workspace\.metadata\.plugins\org.eclipse.swt\EBWebView\Default lastActive=2026-09-29T06:27:49.942Z
2026-10-01 06:30:43.374: [INFO] OnDoneLoading sync enabled: 0
2026-10-01 06:30:43.374: [INFO] BookmarkModelLoaded, ids_reassigned: 0
2026-10-01 06:30:43.374: [INFO] BookmarksLoadDropped droppedNodes=0
2026-10-01 06:30:43.374: [INFO] BookmarksSnapshot Startup total=0 bar=0 other=0 mobile=0 showBar=0 showBarNTP=1
2026-10-01 06:30:49.007: [INFO] BookmarksSnapshot Shutdown total=0 bar=0 other=0 mobile=0 showBar=0 showBarNTP=1
2026-10-01 06:32:59.479: [INFO] CurrentProfilePath: C:\Users\Miguel\eclipse-workspace\.metadata\.plugins\org.eclipse.swt\EBWebView\Default
2026-10-01 06:32:59.479: [INFO] Profiles total count: 1
2026-10-01 06:32:59.479: [INFO] Profile: name=Perfil 1 path=C:\Users\Miguel\eclipse-workspace\.metadata\.plugins\org.eclipse.swt\EBWebView\Default lastActive=2026-09-29T06:27:49.942Z
2026-10-01 06:32:59.479: [INFO] LastUsedProfileDir: C:\Users\Miguel\eclipse-workspace\.metadata\.plugins\org.eclipse.swt\EBWebView\Default
2026-10-01 06:32:59.479: [INFO] MostRecentlyActiveProfile: name=Perfil 1 path=C:\Users\Miguel\eclipse-workspace\.metadata\.plugins\org.eclipse.swt\EBWebView\Default lastActive=2026-09-29T06:27:49.942Z
2026-10-01 06:32:59.479: [INFO] OnDoneLoading sync enabled: 0
2026-10-01 06:32:59.479: [INFO] BookmarkModelLoaded, ids_reassigned: 0
2026-10-01 06:32:59.479: [INFO] BookmarksLoadDropped droppedNodes=0
2026-10-01 06:32:59.479: [INFO] BookmarksSnapshot Startup total=0 bar=0 other=0 mobile=0 showBar=0 showBarNTP=1
2026-10-01 07:05:44.895: [INFO] BookmarksSnapshot Shutdown total=0 bar=0 other=0 mobile=0 showBar=0 showBarNTP=1
2026-10-01 07:08:56.397: [INFO] CurrentProfilePath: C:\Users\Miguel\eclipse-workspace\.metadata\.plugins\org.eclipse.swt\EBWebView\Default
2026-10-01 07:08:56.397: [INFO] Profiles total count: 1
2026-10-01 07:08:56.397: [INFO] Profile: name=Perfil 1 path=C:\Users\Miguel\eclipse-workspace\.metadata\.plugins\org.eclipse.swt\EBWebView\Default lastActive=2026-09-29T06:27:49.942Z
2026-10-01 07:08:56.397: [INFO] LastUsedProfileDir: C:\Users\Miguel\eclipse-workspace\.metadata\.plugins\org.eclipse.swt\EBWebView\Default
2026-10-01 07:08:56.397: [INFO] MostRecentlyActiveProfile: name=Perfil 1 path=C:\Users\Miguel\eclipse-workspace\.metadata\.plugins\org.eclipse.swt\EBWebView\Default lastActive=2026-09-29T06:27:49.942Z
2026-10-01 07:08:56.397: [INFO] OnDoneLoading sync enabled: 0
2026-10-01 07:08:56.397: [INFO] BookmarkModelLoaded, ids_reassigned: 0
2026-10-01 07:08:56.397: [INFO] BookmarksLoadDropped droppedNodes=0
2026-10-01 07:08:56.397: [INFO] BookmarksSnapshot Startup total=0 bar=0 other=0 mobile=0 showBar=0 showBarNTP=1
2026-10-01 07:42:53.638: [INFO] BookmarksSnapshot Shutdown total=0 bar=0 other=0 mobile=0 showBar=0 showBarNTP=1
2026-10-01 07:45:38.910: [INFO] CurrentProfilePath: C:\Users\Miguel\eclipse-workspace\.metadata\.plugins\org.eclipse.swt\EBWebView\Default
2026-10-01 07:45:38.910: [INFO] Profiles total count: 1
2026-10-01 07:45:38.910: [INFO] Profile: name=Perfil 1 path=C:\Users\Miguel\eclipse-workspace\.metadata\.plugins\org.eclipse.swt\EBWebView\Default lastActive=2026-09-29T06:27:49.942Z
2026-10-01 07:45:38.910: [INFO] LastUsedProfileDir: C:\Users\Miguel\eclipse-workspace\.metadata\.plugins\org.eclipse.swt\EBWebView\Default
2026-10-01 07:45:38.910: [INFO] MostRecentlyActiveProfile: name=Perfil 1 path=C:\Users\Miguel\eclipse-workspace\.metadata\.plugins\org.eclipse.swt\EBWebView\Default lastActive=2026-09-29T06:27:49.942Z
2026-10-01 07:45:38.910: [INFO] OnDoneLoading sync enabled: 0
2026-10-01 07:45:38.910: [INFO] BookmarkModelLoaded, ids_reassigned: 0
2026-10-01 07:45:38.910: [INFO] BookmarksLoadDropped droppedNodes=0
2026-10-01 07:45:38.910: [INFO] BookmarksSnapshot Startup total=0 bar=0 other=0 mobile=0 showBar=0 showBarNTP=1
2026-10-01 07:51:22.314: [INFO] BookmarksSnapshot Shutdown total=0 bar=0 other=0 mobile=0 showBar=0 showBarNTP=1
2026-10-01 07:51:39.674: [INFO] CurrentProfilePath: C:\Users\Miguel\eclipse-workspace\.metadata\.plugins\org.eclipse.swt\EBWebView\Default
2026-10-01 07:51:39.674: [INFO] Profiles total count: 1
2026-10-01 07:51:39.674: [INFO] Profile: name=Perfil 1 path=C:\Users\Miguel\eclipse-workspace\.metadata\.plugins\org.eclipse.swt\EBWebView\Default lastActive=2026-09-29T06:27:49.942Z
2026-10-01 07:51:39.674: [INFO] LastUsedProfileDir: C:\Users\Miguel\eclipse-workspace\.metadata\.plugins\org.eclipse.swt\EBWebView\Default
2026-10-01 07:51:39.674: [INFO] MostRecentlyActiveProfile: name=Perfil 1 path=C:\Users\Miguel\eclipse-workspace\.metadata\.plugins\org.eclipse.swt\EBWebView\Default lastActive=2026-09-29T06:27:49.942Z
2026-10-01 07:51:39.674: [INFO] OnDoneLoading sync enabled: 0
2026-10-01 07:51:39.674: [INFO] BookmarkModelLoaded, ids_reassigned: 0
2026-10-01 07:51:39.674: [INFO] BookmarksLoadDropped droppedNodes=0
2026-10-01 07:51:39.674: [INFO] BookmarksSnapshot Startup total=0 bar=0 other=0 mobile=0 showBar=0 showBarNTP=1
2026-10-01 07:52:23.966: [INFO] BookmarksSnapshot Shutdown total=0 bar=0 other=0 mobile=0 showBar=0 showBarNTP=1
2026-10-01 07:54:56.463: [INFO] CurrentProfilePath: C:\Users\Miguel\eclipse-workspace\.metadata\.plugins\org.eclipse.swt\EBWebView\Default
2026-10-01 07:54:56.463: [INFO] Profiles total count: 1
2026-10-01 07:54:56.463: [INFO] Profile: name=Perfil 1 path=C:\Users\Miguel\eclipse-workspace\.metadata\.plugins\org.eclipse.swt\EBWebView\Default lastActive=2026-09-29T06:27:49.942Z
2026-10-01 07:54:56.463: [INFO] LastUsedProfileDir: C:\Users\Miguel\eclipse-workspace\.metadata\.plugins\org.eclipse.swt\EBWebView\Default
2026-10-01 07:54:56.463: [INFO] MostRecentlyActiveProfile: name=Perfil 1 path=C:\Users\Miguel\eclipse-workspace\.metadata\.plugins\org.eclipse.swt\EBWebView\Default lastActive=2026-09-29T06:27:49.942Z
2026-10-01 07:54:56.463: [INFO] OnDoneLoading sync enabled: 0
2026-10-01 07:54:56.463: [INFO] BookmarkModelLoaded, ids_reassigned: 0
2026-10-01 07:54:56.463: [INFO] BookmarksLoadDropped droppedNodes=0
2026-10-01 07:54:56.463: [INFO] BookmarksSnapshot Startup total=0 bar=0 other=0 mobile=0 showBar=0 showBarNTP=1
2026-10-01 09:16:30.527: [INFO] BookmarksSnapshot Shutdown total=0 bar=0 other=0 mobile=0 showBar=0 showBarNTP=1
2026-10-02 09:27:12.157: [INFO] CurrentProfilePath: C:\Users\Miguel\eclipse-workspace\.metadata\.plugins\org.eclipse.swt\EBWebView\Default
2026-10-02 09:27:12.157: [INFO] Profiles total count: 1
2026-10-02 09:27:12.157: [INFO] Profile: name=Perfil 1 path=C:\Users\Miguel\eclipse-workspace\.metadata\.plugins\org.eclipse.swt\EBWebView\Default lastActive=2026-09-29T06:27:49.942Z
2026-10-02 09:27:12.157: [INFO] LastUsedProfileDir: C:\Users\Miguel\eclipse-workspace\.metadata\.plugins\org.eclipse.swt\EBWebView\Default
2026-10-02 09:27:12.157: [INFO] MostRecentlyActiveProfile: name=Perfil 1 path=C:\Users\Miguel\eclipse-workspace\.metadata\.plugins\org.eclipse.swt\EBWebView\Default lastActive=2026-09-29T06:27:49.942Z
2026-10-02 09:27:12.157: [INFO] OnDoneLoading sync enabled: 0
2026-10-02 09:27:12.157: [INFO] BookmarkModelLoaded, ids_reassigned: 0
2026-10-02 09:27:12.157: [INFO] BookmarksLoadDropped droppedNodes=0
2026-10-02 09:27:12.157: [INFO] BookmarksSnapshot Startup total=0 bar=0 other=0 mobile=0 showBar=0 showBarNTP=1
2026-10-02 09:49:16.491: [INFO] BookmarksSnapshot Shutdown total=0 bar=0 other=0 mobile=0 showBar=0 showBarNTP=1
2026-10-02 10:12:09.995: [INFO] CurrentProfilePath: C:\Users\Miguel\eclipse-workspace\.metadata\.plugins\org.eclipse.swt\EBWebView\Default
2026-10-02 10:12:09.995: [INFO] Profiles total count: 1
2026-10-02 10:12:09.995: [INFO] Profile: name=Perfil 1 path=C:\Users\Miguel\eclipse-workspace\.metadata\.plugins\org.eclipse.swt\EBWebView\Default lastActive=2026-09-29T06:27:49.942Z
2026-10-02 10:12:09.995: [INFO] LastUsedProfileDir: C:\Users\Miguel\eclipse-workspace\.metadata\.plugins\org.eclipse.swt\EBWebView\Default
2026-10-02 10:12:09.995: [INFO] MostRecentlyActiveProfile: name=Perfil 1 path=C:\Users\Miguel\eclipse-workspace\.metadata\.plugins\org.eclipse.swt\EBWebView\Default lastActive=2026-09-29T06:27:49.942Z
2026-10-02 10:12:09.995: [INFO] OnDoneLoading sync enabled: 0
2026-10-02 10:12:09.995: [INFO] BookmarkModelLoaded, ids_reassigned: 0
2026-10-02 10:12:09.995: [INFO] BookmarksLoadDropped droppedNodes=0
2026-10-02 10:12:09.995: [INFO] BookmarksSnapshot Startup total=0 bar=0 other=0 mobile=0 showBar=0 showBarNTP=1
2026-10-02 10:12:15.114: [INFO] BookmarksSnapshot Shutdown total=0 bar=0 other=0 mobile=0 showBar=0 showBarNTP=1
2026-10-02 10:23:48.805: [INFO] CurrentProfilePath: C:\Users\Miguel\eclipse-workspace\.metadata\.plugins\org.eclipse.swt\EBWebView\Default
2026-10-02 10:23:48.805: [INFO] Profiles total count: 1
2026-10-02 10:23:48.806: [INFO] Profile: name=Perfil 1 path=C:\Users\Miguel\eclipse-workspace\.metadata\.plugins\org.eclipse.swt\EBWebView\Default lastActive=2026-09-29T06:27:49.942Z
2026-10-02 10:23:48.806: [INFO] LastUsedProfileDir: C:\Users\Miguel\eclipse-workspace\.metadata\.plugins\org.eclipse.swt\EBWebView\Default
2026-10-02 10:23:48.806: [INFO] MostRecentlyActiveProfile: name=Perfil 1 path=C:\Users\Miguel\eclipse-workspace\.metadata\.plugins\org.eclipse.swt\EBWebView\Default lastActive=2026-09-29T06:27:49.942Z
2026-10-02 10:23:48.806: [INFO] OnDoneLoading sync enabled: 0
2026-10-02 10:23:48.806: [INFO] BookmarkModelLoaded, ids_reassigned: 0
2026-10-02 10:23:48.806: [INFO] BookmarksLoadDropped droppedNodes=0
2026-10-02 10:23:48.806: [INFO] BookmarksSnapshot Startup total=0 bar=0 other=0 mobile=0 showBar=0 showBarNTP=1
2026-10-02 10:25:55.543: [INFO] BookmarksSnapshot Shutdown total=0 bar=0 other=0 mobile=0 showBar=0 showBarNTP=1
2026-10-02 10:34:27.447: [INFO] CurrentProfilePath: C:\Users\Miguel\eclipse-workspace\.metadata\.plugins\org.eclipse.swt\EBWebView\Default
2026-10-02 10:34:27.447: [INFO] Profiles total count: 1
2026-10-02 10:34:27.447: [INFO] Profile: name=Perfil 1 path=C:\Users\Miguel\eclipse-workspace\.metadata\.plugins\org.eclipse.swt\EBWebView\Default lastActive=2026-09-29T06:27:49.942Z
2026-10-02 10:34:27.447: [INFO] LastUsedProfileDir: C:\Users\Miguel\eclipse-workspace\.metadata\.plugins\org.eclipse.swt\EBWebView\Default
2026-10-02 10:34:27.447: [INFO] MostRecentlyActiveProfile: name=Perfil 1 path=C:\Users\Miguel\eclipse-workspace\.metadata\.plugins\org.eclipse.swt\EBWebView\Default lastActive=2026-09-29T06:27:49.942Z
2026-10-02 10:34:27.447: [INFO] OnDoneLoading sync enabled: 0
2026-10-02 10:34:27.447: [INFO] BookmarkModelLoaded, ids_reassigned: 0
2026-10-02 10:34:27.447: [INFO] BookmarksLoadDropped droppedNodes=0
2026-10-02 10:34:27.447: [INFO] BookmarksSnapshot Startup total=0 bar=0 other=0 mobile=0 showBar=0 showBarNTP=1
2026-10-02 10:35:06.673: [INFO] BookmarksSnapshot Shutdown total=0 bar=0 other=0 mobile=0 showBar=0 showBarNTP=1
2026-10-02 10:35:22.434: [INFO] CurrentProfilePath: C:\Users\Miguel\eclipse-workspace\.metadata\.plugins\org.eclipse.swt\EBWebView\Default
2026-10-02 10:35:22.434: [INFO] Profiles total count: 1
2026-10-02 10:35:22.434: [INFO] Profile: name=Perfil 1 path=C:\Users\Miguel\eclipse-workspace\.metadata\.plugins\org.eclipse.swt\EBWebView\Default lastActive=2026-09-29T06:27:49.942Z
2026-10-02 10:35:22.434: [INFO] LastUsedProfileDir: C:\Users\Miguel\eclipse-workspace\.metadata\.plugins\org.eclipse.swt\EBWebView\Default
2026-10-02 10:35:22.434: [INFO] MostRecentlyActiveProfile: name=Perfil 1 path=C:\Users\Miguel\eclipse-workspace\.metadata\.plugins\org.eclipse.swt\EBWebView\Default lastActive=2026-09-29T06:27:49.942Z
2026-10-02 10:35:22.434: [INFO] OnDoneLoading sync enabled: 0
2026-10-02 10:35:22.434: [INFO] BookmarkModelLoaded, ids_reassigned: 0
2026-10-02 10:35:22.434: [INFO] BookmarksLoadDropped droppedNodes=0
2026-10-02 10:35:22.434: [INFO] BookmarksSnapshot Startup total=0 bar=0 other=0 mobile=0 showBar=0 showBarNTP=1
2026-10-02 11:04:37.554: [INFO] BookmarksSnapshot Shutdown total=0 bar=0 other=0 mobile=0 showBar=0 showBarNTP=1
2026-10-05 08:06:36.258: [INFO] CurrentProfilePath: C:\Users\Miguel\eclipse-workspace\.metadata\.plugins\org.eclipse.swt\EBWebView\Default
2026-10-05 08:06:36.258: [INFO] Profiles total count: 1
2026-10-05 08:06:36.259: [INFO] Profile: name=Perfil 1 path=C:\Users\Miguel\eclipse-workspace\.metadata\.plugins\org.eclipse.swt\EBWebView\Default lastActive=2026-09-29T06:27:49.942Z
2026-10-05 08:06:36.259: [INFO] LastUsedProfileDir: C:\Users\Miguel\eclipse-workspace\.metadata\.plugins\org.eclipse.swt\EBWebView\Default
2026-10-05 08:06:36.259: [INFO] MostRecentlyActiveProfile: name=Perfil 1 path=C:\Users\Miguel\eclipse-workspace\.metadata\.plugins\org.eclipse.swt\EBWebView\Default lastActive=2026-09-29T06:27:49.942Z
2026-10-05 08:06:36.259: [INFO] OnDoneLoading sync enabled: 0
2026-10-05 08:06:36.259: [INFO] BookmarkModelLoaded, ids_reassigned: 0
2026-10-05 08:06:36.259: [INFO] BookmarksLoadDropped droppedNodes=0
2026-10-05 08:06:36.259: [INFO] BookmarksSnapshot Startup total=0 bar=0 other=0 mobile=0 showBar=0 showBarNTP=1
2026-10-05 09:09:35.613: [INFO] BookmarksSnapshot Shutdown total=0 bar=0 other=0 mobile=0 showBar=0 showBarNTP=1
2026-10-06 06:12:27.887: [INFO] CurrentProfilePath: C:\Users\Miguel\eclipse-workspace\.metadata\.plugins\org.eclipse.swt\EBWebView\Default
2026-10-06 06:12:27.887: [INFO] Profiles total count: 1
2026-10-06 06:12:27.887: [INFO] Profile: name=Perfil 1 path=C:\Users\Miguel\eclipse-workspace\.metadata\.plugins\org.eclipse.swt\EBWebView\Default lastActive=2026-09-29T06:27:49.942Z
2026-10-06 06:12:27.887: [INFO] LastUsedProfileDir: C:\Users\Miguel\eclipse-workspace\.metadata\.plugins\org.eclipse.swt\EBWebView\Default
2026-10-06 06:12:27.887: [INFO] MostRecentlyActiveProfile: name=Perfil 1 path=C:\Users\Miguel\eclipse-workspace\.metadata\.plugins\org.eclipse.swt\EBWebView\Default lastActive=2026-09-29T06:27:49.942Z
2026-10-06 06:12:27.887: [INFO] OnDoneLoading sync enabled: 0
2026-10-06 06:12:27.887: [INFO] BookmarkModelLoaded, ids_reassigned: 0
2026-10-06 06:12:27.887: [INFO] BookmarksLoadDropped droppedNodes=0
2026-10-06 06:12:27.888: [INFO] BookmarksSnapshot Startup total=0 bar=0 other=0 mobile=0 showBar=0 showBarNTP=1
2026-10-06 06:12:35.261: [INFO] BookmarksSnapshot Shutdown total=0 bar=0 other=0 mobile=0 showBar=0 showBarNTP=1
2026-10-06 06:14:27.759: [INFO] CurrentProfilePath: C:\Users\Miguel\eclipse-workspace\.metadata\.plugins\org.eclipse.swt\EBWebView\Default
2026-10-06 06:14:27.759: [INFO] Profiles total count: 1
2026-10-06 06:14:27.760: [INFO] Profile: name=Perfil 1 path=C:\Users\Miguel\eclipse-workspace\.metadata\.plugins\org.eclipse.swt\EBWebView\Default lastActive=2026-09-29T06:27:49.942Z
2026-10-06 06:14:27.760: [INFO] LastUsedProfileDir: C:\Users\Miguel\eclipse-workspace\.metadata\.plugins\org.eclipse.swt\EBWebView\Default
2026-10-06 06:14:27.760: [INFO] MostRecentlyActiveProfile: name=Perfil 1 path=C:\Users\Miguel\eclipse-workspace\.metadata\.plugins\org.eclipse.swt\EBWebView\Default lastActive=2026-09-29T06:27:49.942Z
2026-10-06 06:14:27.760: [INFO] OnDoneLoading sync enabled: 0
2026-10-06 06:14:27.760: [INFO] BookmarkModelLoaded, ids_reassigned: 0
2026-10-06 06:14:27.760: [INFO] BookmarksLoadDropped droppedNodes=0
2026-10-06 06:14:27.760: [INFO] BookmarksSnapshot Startup total=0 bar=0 other=0 mobile=0 showBar=0 showBarNTP=1
2026-10-06 06:17:44.549: [INFO] BookmarksSnapshot Shutdown total=0 bar=0 other=0 mobile=0 showBar=0 showBarNTP=1
2026-10-06 06:30:17.371: [INFO] CurrentProfilePath: C:\Users\Miguel\eclipse-workspace\.metadata\.plugins\org.eclipse.swt\EBWebView\Default
2026-10-06 06:30:17.371: [INFO] Profiles total count: 1
2026-10-06 06:30:17.371: [INFO] Profile: name=Perfil 1 path=C:\Users\Miguel\eclipse-workspace\.metadata\.plugins\org.eclipse.swt\EBWebView\Default lastActive=2026-09-29T06:27:49.942Z
2026-10-06 06:30:17.371: [INFO] LastUsedProfileDir: C:\Users\Miguel\eclipse-workspace\.metadata\.plugins\org.eclipse.swt\EBWebView\Default
2026-10-06 06:30:17.371: [INFO] MostRecentlyActiveProfile: name=Perfil 1 path=C:\Users\Miguel\eclipse-workspace\.metadata\.plugins\org.eclipse.swt\EBWebView\Default lastActive=2026-09-29T06:27:49.942Z
2026-10-06 06:30:17.371: [INFO] OnDoneLoading sync enabled: 0
2026-10-06 06:30:17.371: [INFO] BookmarkModelLoaded, ids_reassigned: 0
2026-10-06 06:30:17.371: [INFO] BookmarksLoadDropped droppedNodes=0
2026-10-06 06:30:17.371: [INFO] BookmarksSnapshot Startup total=0 bar=0 other=0 mobile=0 showBar=0 showBarNTP=1
2026-10-06 08:18:15.274: [INFO] BookmarksSnapshot Shutdown total=0 bar=0 other=0 mobile=0 showBar=0 showBarNTP=1
